Archive member included to satisfy reference by file (symbol)

d:/gcc-arm-none-eabi-10.3-2021.10/bin/../lib/gcc/arm-none-eabi/10.3.1/../../../../arm-none-eabi/lib/thumb/v7-m/nofp\libc.a(lib_a-errno.o)
                              CMakeFiles/HAL_SoftWare.elf.dir/Core/Src/syscalls.c.obj (__errno)
d:/gcc-arm-none-eabi-10.3-2021.10/bin/../lib/gcc/arm-none-eabi/10.3.1/../../../../arm-none-eabi/lib/thumb/v7-m/nofp\libc.a(lib_a-exit.o)
                              d:/gcc-arm-none-eabi-10.3-2021.10/bin/../lib/gcc/arm-none-eabi/10.3.1/../../../../arm-none-eabi/lib/thumb/v7-m/nofp/crt0.o (exit)
d:/gcc-arm-none-eabi-10.3-2021.10/bin/../lib/gcc/arm-none-eabi/10.3.1/../../../../arm-none-eabi/lib/thumb/v7-m/nofp\libc.a(lib_a-impure.o)
                              d:/gcc-arm-none-eabi-10.3-2021.10/bin/../lib/gcc/arm-none-eabi/10.3.1/../../../../arm-none-eabi/lib/thumb/v7-m/nofp\libc.a(lib_a-exit.o) (_global_impure_ptr)
d:/gcc-arm-none-eabi-10.3-2021.10/bin/../lib/gcc/arm-none-eabi/10.3.1/../../../../arm-none-eabi/lib/thumb/v7-m/nofp\libc.a(lib_a-init.o)
                              d:/gcc-arm-none-eabi-10.3-2021.10/bin/../lib/gcc/arm-none-eabi/10.3.1/../../../../arm-none-eabi/lib/thumb/v7-m/nofp/crt0.o (__libc_init_array)
d:/gcc-arm-none-eabi-10.3-2021.10/bin/../lib/gcc/arm-none-eabi/10.3.1/../../../../arm-none-eabi/lib/thumb/v7-m/nofp\libc.a(lib_a-memset.o)
                              d:/gcc-arm-none-eabi-10.3-2021.10/bin/../lib/gcc/arm-none-eabi/10.3.1/../../../../arm-none-eabi/lib/thumb/v7-m/nofp/crt0.o (memset)
d:/gcc-arm-none-eabi-10.3-2021.10/bin/../lib/gcc/arm-none-eabi/10.3.1/../../../../arm-none-eabi/lib/thumb/v7-m/nofp\libc.a(lib_a-__call_atexit.o)
                              d:/gcc-arm-none-eabi-10.3-2021.10/bin/../lib/gcc/arm-none-eabi/10.3.1/../../../../arm-none-eabi/lib/thumb/v7-m/nofp\libc.a(lib_a-exit.o) (__call_exitprocs)
d:/gcc-arm-none-eabi-10.3-2021.10/bin/../lib/gcc/arm-none-eabi/10.3.1/../../../../arm-none-eabi/lib/thumb/v7-m/nofp\libc.a(lib_a-atexit.o)
                              d:/gcc-arm-none-eabi-10.3-2021.10/bin/../lib/gcc/arm-none-eabi/10.3.1/../../../../arm-none-eabi/lib/thumb/v7-m/nofp\libc.a(lib_a-__call_atexit.o) (atexit)
d:/gcc-arm-none-eabi-10.3-2021.10/bin/../lib/gcc/arm-none-eabi/10.3.1/../../../../arm-none-eabi/lib/thumb/v7-m/nofp\libc.a(lib_a-fini.o)
                              d:/gcc-arm-none-eabi-10.3-2021.10/bin/../lib/gcc/arm-none-eabi/10.3.1/../../../../arm-none-eabi/lib/thumb/v7-m/nofp\libc.a(lib_a-__call_atexit.o) (__libc_fini_array)
d:/gcc-arm-none-eabi-10.3-2021.10/bin/../lib/gcc/arm-none-eabi/10.3.1/../../../../arm-none-eabi/lib/thumb/v7-m/nofp\libc.a(lib_a-lock.o)
                              d:/gcc-arm-none-eabi-10.3-2021.10/bin/../lib/gcc/arm-none-eabi/10.3.1/../../../../arm-none-eabi/lib/thumb/v7-m/nofp\libc.a(lib_a-__call_atexit.o) (__retarget_lock_acquire_recursive)
d:/gcc-arm-none-eabi-10.3-2021.10/bin/../lib/gcc/arm-none-eabi/10.3.1/../../../../arm-none-eabi/lib/thumb/v7-m/nofp\libc.a(lib_a-__atexit.o)
                              d:/gcc-arm-none-eabi-10.3-2021.10/bin/../lib/gcc/arm-none-eabi/10.3.1/../../../../arm-none-eabi/lib/thumb/v7-m/nofp\libc.a(lib_a-atexit.o) (__register_exitproc)

Discarded input sections

 .text          0x00000000        0x0 d:/gcc-arm-none-eabi-10.3-2021.10/bin/../lib/gcc/arm-none-eabi/10.3.1/thumb/v7-m/nofp/crti.o
 .data          0x00000000        0x0 d:/gcc-arm-none-eabi-10.3-2021.10/bin/../lib/gcc/arm-none-eabi/10.3.1/thumb/v7-m/nofp/crti.o
 .bss           0x00000000        0x0 d:/gcc-arm-none-eabi-10.3-2021.10/bin/../lib/gcc/arm-none-eabi/10.3.1/thumb/v7-m/nofp/crti.o
 .data          0x00000000        0x4 d:/gcc-arm-none-eabi-10.3-2021.10/bin/../lib/gcc/arm-none-eabi/10.3.1/thumb/v7-m/nofp/crtbegin.o
 .rodata        0x00000000       0x24 d:/gcc-arm-none-eabi-10.3-2021.10/bin/../lib/gcc/arm-none-eabi/10.3.1/thumb/v7-m/nofp/crtbegin.o
 .text          0x00000000       0x7c d:/gcc-arm-none-eabi-10.3-2021.10/bin/../lib/gcc/arm-none-eabi/10.3.1/../../../../arm-none-eabi/lib/thumb/v7-m/nofp/crt0.o
 .data          0x00000000        0x0 d:/gcc-arm-none-eabi-10.3-2021.10/bin/../lib/gcc/arm-none-eabi/10.3.1/../../../../arm-none-eabi/lib/thumb/v7-m/nofp/crt0.o
 .bss           0x00000000        0x0 d:/gcc-arm-none-eabi-10.3-2021.10/bin/../lib/gcc/arm-none-eabi/10.3.1/../../../../arm-none-eabi/lib/thumb/v7-m/nofp/crt0.o
 .ARM.extab     0x00000000        0x0 d:/gcc-arm-none-eabi-10.3-2021.10/bin/../lib/gcc/arm-none-eabi/10.3.1/../../../../arm-none-eabi/lib/thumb/v7-m/nofp/crt0.o
 .ARM.exidx     0x00000000       0x10 d:/gcc-arm-none-eabi-10.3-2021.10/bin/../lib/gcc/arm-none-eabi/10.3.1/../../../../arm-none-eabi/lib/thumb/v7-m/nofp/crt0.o
 .ARM.attributes
                0x00000000       0x1b d:/gcc-arm-none-eabi-10.3-2021.10/bin/../lib/gcc/arm-none-eabi/10.3.1/../../../../arm-none-eabi/lib/thumb/v7-m/nofp/crt0.o
 .text          0x00000000        0x0 CMakeFiles/HAL_SoftWare.elf.dir/Core/Src/gpio.c.obj
[...]
Memory Configuration

Name             Origin             Length             Attributes
RAM              0x20000000         0x00005000         xrw
FLASH            0x08000000         0x00010000         xr
*default*        0x00000000         0xffffffff

Linker script and memory map

LOAD d:/gcc-arm-none-eabi-10.3-2021.10/bin/../lib/gcc/arm-none-eabi/10.3.1/thumb/v7-m/nofp/crti.o
LOAD d:/gcc-arm-none-eabi-10.3-2021.10/bin/../lib/gcc/arm-none-eabi/10.3.1/thumb/v7-m/nofp/crtbegin.o
LOAD d:/gcc-arm-none-eabi-10.3-2021.10/bin/../lib/gcc/arm-none-eabi/10.3.1/../../../../arm-none-eabi/lib/thumb/v7-m/nofp/crt0.o
LOAD CMakeFiles/HAL_SoftWare.elf.dir/Core/Src/gpio.c.obj
LOAD CMakeFiles/HAL_SoftWare.elf.dir/Core/Src/i2c.c.obj
LOAD CMakeFiles/HAL_SoftWare.elf.dir/Core/Src/main.c.obj
LOAD CMakeFiles/HAL_SoftWare.elf.dir/Core/Src/stm32f1xx_hal_msp.c.obj
LOAD CMakeFiles/HAL_SoftWare.elf.dir/Core/Src/stm32f1xx_it.c.obj
LOAD CMakeFiles/HAL_SoftWare.elf.dir/Core/Src/syscalls.c.obj
LOAD CMakeFiles/HAL_SoftWare.elf.dir/Core/Src/sysmem.c.obj
LOAD CMakeFiles/HAL_SoftWare.elf.dir/Core/Src/system_stm32f1xx.c.obj
LOAD CMakeFiles/HAL_SoftWare.elf.dir/Core/Startup/startup_stm32f103c8tx.s.obj
LOAD CMakeFiles/HAL_SoftWare.elf.dir/Drivers/STM32F1xx_HAL_Driver/Src/stm32f1xx_hal.c.obj
LOAD CMakeFiles/HAL_SoftWare.elf.dir/Drivers/STM32F1xx_HAL_Driver/Src/stm32f1xx_hal_cortex.c.obj
LOAD CMakeFiles/HAL_SoftWare.elf.dir/Drivers/STM32F1xx_HAL_Driver/Src/stm32f1xx_hal_dma.c.obj
LOAD CMakeFiles/HAL_SoftWare.elf.dir/Drivers/STM32F1xx_HAL_Driver/Src/stm32f1xx_hal_exti.c.obj
LOAD CMakeFiles/HAL_SoftWare.elf.dir/Drivers/STM32F1xx_HAL_Driver/Src/stm32f1xx_hal_flash.c.obj
LOAD CMakeFiles/HAL_SoftWare.elf.dir/Drivers/STM32F1xx_HAL_Driver/Src/stm32f1xx_hal_flash_ex.c.obj
LOAD CMakeFiles/HAL_SoftWare.elf.dir/Drivers/STM32F1xx_HAL_Driver/Src/stm32f1xx_hal_gpio.c.obj
LOAD CMakeFiles/HAL_SoftWare.elf.dir/Drivers/STM32F1xx_HAL_Driver/Src/stm32f1xx_hal_gpio_ex.c.obj
LOAD CMakeFiles/HAL_SoftWare.elf.dir/Drivers/STM32F1xx_HAL_Driver/Src/stm32f1xx_hal_i2c.c.obj
LOAD CMakeFiles/HAL_SoftWare.elf.dir/Drivers/STM32F1xx_HAL_Driver/Src/stm32f1xx_hal_pwr.c.obj
LOAD CMakeFiles/HAL_SoftWare.elf.dir/Drivers/STM32F1xx_HAL_Driver/Src/stm32f1xx_hal_rcc.c.obj
LOAD CMakeFiles/HAL_SoftWare.elf.dir/Drivers/STM32F1xx_HAL_Driver/Src/stm32f1xx_hal_rcc_ex.c.obj
LOAD CMakeFiles/HAL_SoftWare.elf.dir/Drivers/STM32F1xx_HAL_Driver/Src/stm32f1xx_hal_tim.c.obj
LOAD CMakeFiles/HAL_SoftWare.elf.dir/Drivers/STM32F1xx_HAL_Driver/Src/stm32f1xx_hal_tim_ex.c.obj
LOAD CMakeFiles/HAL_SoftWare.elf.dir/User/Src/as5600.c.obj
START GROUP
LOAD d:/gcc-arm-none-eabi-10.3-2021.10/bin/../lib/gcc/arm-none-eabi/10.3.1/thumb/v7-m/nofp\libgcc.a
LOAD d:/gcc-arm-none-eabi-10.3-2021.10/bin/../lib/gcc/arm-none-eabi/10.3.1/../../../../arm-none-eabi/lib/thumb/v7-m/nofp\libc.a
END GROUP
LOAD d:/gcc-arm-none-eabi-10.3-2021.10/bin/../lib/gcc/arm-none-eabi/10.3.1/thumb/v7-m/nofp/crtend.o
LOAD d:/gcc-arm-none-eabi-10.3-2021.10/bin/../lib/gcc/arm-none-eabi/10.3.1/thumb/v7-m/nofp/crtn.o
                0x20005000                _estack = (ORIGIN (RAM) + LENGTH (RAM))
                0x00000200                _Min_Heap_Size = 0x200
                0x00000400                _Min_Stack_Size = 0x400

.isr_vector     0x08000000      0x10c
                0x08000000                . = ALIGN (0x4)
 *(.isr_vector)
 .isr_vector    0x08000000      0x10c CMakeFiles/HAL_SoftWare.elf.dir/Core/Startup/startup_stm32f103c8tx.s.obj
                0x08000000                g_pfnVectors
                0x0800010c                . = ALIGN (0x4)

.text           0x0800010c     0x19f0
                0x0800010c                . = ALIGN (0x4)
 *(.text)
 .text          0x0800010c       0x40 d:/gcc-arm-none-eabi-10.3-2021.10/bin/../lib/gcc/arm-none-eabi/10.3.1/thumb/v7-m/nofp/crtbegin.o
 *(.text*)
 .text.MX_GPIO_Init
                0x0800014c       0x8c CMakeFiles/HAL_SoftWare.elf.dir/Core/Src/gpio.c.obj
                0x0800014c                MX_GPIO_Init
 .text.MX_I2C1_Init
                0x080001d8       0x3c CMakeFiles/HAL_SoftWare.elf.dir/Core/Src/i2c.c.obj
                0x080001d8                MX_I2C1_Init
 .text.HAL_I2C_MspInit
                0x08000214       0x64 CMakeFiles/HAL_SoftWare.elf.dir/Core/Src/i2c.c.obj
                0x08000214                HAL_I2C_MspInit
 .text.Error_Handler
                0x08000278        0x4 CMakeFiles/HAL_SoftWare.elf.dir/Core/Src/main.c.obj
                0x08000278                Error_Handler
 .text.SystemClock_Config
                0x0800027c       0x64 CMakeFiles/HAL_SoftWare.elf.dir/Core/Src/main.c.obj
                0x0800027c                SystemClock_Config
 .text.main     0x080002e0       0x64 CMakeFiles/HAL_SoftWare.elf.dir/Core/Src/main.c.obj
                0x080002e0                main
 .text.HAL_MspInit
                0x08000344       0x44 CMakeFiles/HAL_SoftWare.elf.dir/Core/Src/stm32f1xx_hal_msp.c.obj
                0x08000344                HAL_MspInit
 .text.NMI_Handler
                0x08000388        0x2 CMakeFiles/HAL_SoftWare.elf.dir/Core/Src/stm32f1xx_it.c.obj
                0x08000388                NMI_Handler
 .text.HardFault_Handler
                0x0800038a        0x2 CMakeFiles/HAL_SoftWare.elf.dir/Core/Src/stm32f1xx_it.c.obj
                0x0800038a                HardFault_Handler
 .text.MemManage_Handler
                0x0800038c        0x2 CMakeFiles/HAL_SoftWare.elf.dir/Core/Src/stm32f1xx_it.c.obj
                0x0800038c                MemManage_Handler
 .text.BusFault_Handler
                0x0800038e        0x2 CMakeFiles/HAL_SoftWare.elf.dir/Core/Src/stm32f1xx_it.c.obj
                0x0800038e                BusFault_Handler
 .text.UsageFault_Handler
                0x08000390        0x2 CMakeFiles/HAL_SoftWare.elf.dir/Core/Src/stm32f1xx_it.c.obj
                0x08000390                UsageFault_Handler
 .text.SVC_Handler
                0x08000392        0x2 CMakeFiles/HAL_SoftWare.elf.dir/Core/Src/stm32f1xx_it.c.obj
                0x08000392                SVC_Handler
 .text.DebugMon_Handler
                0x08000394        0x2 CMakeFiles/HAL_SoftWare.elf.dir/Core/Src/stm32f1xx_it.c.obj
                0x08000394                DebugMon_Handler
 .text.PendSV_Handler
                0x08000396        0x2 CMakeFiles/HAL_SoftWare.elf.dir/Core/Src/stm32f1xx_it.c.obj
                0x08000396                PendSV_Handler
 .text.SysTick_Handler
                0x08000398        0x8 CMakeFiles/HAL_SoftWare.elf.dir/Core/Src/stm32f1xx_it.c.obj
                0x08000398                SysTick_Handler
 .text.SystemInit
                0x080003a0        0x2 CMakeFiles/HAL_SoftWare.elf.dir/Core/Src/system_stm32f1xx.c.obj
                0x080003a0                SystemInit
 *fill*         0x080003a2        0x2 
 .text.Reset_Handler
                0x080003a4       0x48 CMakeFiles/HAL_SoftWare.elf.dir/Core/Startup/startup_stm32f103c8tx.s.obj
                0x080003a4                Reset_Handler
 .text.Default_Handler
                0x080003ec        0x2 CMakeFiles/HAL_SoftWare.elf.dir/Core/Startup/startup_stm32f103c8tx.s.obj
                0x080003ec                RTC_Alarm_IRQHandler
                0x080003ec                EXTI2_IRQHandler
                0x080003ec                TIM1_CC_IRQHandler
                0x080003ec                PVD_IRQHandler
                0x080003ec                EXTI3_IRQHandler
                0x080003ec                EXTI0_IRQHandler
                0x080003ec                I2C2_EV_IRQHandler
                0x080003ec                ADC1_2_IRQHandler
                0x080003ec                SPI1_IRQHandler
                0x080003ec                TAMPER_IRQHandler
                0x080003ec                DMA1_Channel4_IRQHandler
                0x080003ec                USART3_IRQHandler
                0x080003ec                RTC_IRQHandler
                0x080003ec                DMA1_Channel7_IRQHandler
                0x080003ec                CAN1_RX1_IRQHandler
                0x080003ec                TIM4_IRQHandler
                0x080003ec                I2C1_EV_IRQHandler
                0x080003ec                DMA1_Channel6_IRQHandler
                0x080003ec                TIM3_IRQHandler
                0x080003ec                RCC_IRQHandler
                0x080003ec                TIM1_TRG_COM_IRQHandler
                0x080003ec                DMA1_Channel1_IRQHandler
                0x080003ec                Default_Handler
                0x080003ec                EXTI15_10_IRQHandler
                0x080003ec                EXTI9_5_IRQHandler
                0x080003ec                SPI2_IRQHandler
                0x080003ec                DMA1_Channel5_IRQHandler
                0x080003ec                EXTI4_IRQHandler
                0x080003ec                USB_LP_CAN1_RX0_IRQHandler
                0x080003ec                USB_HP_CAN1_TX_IRQHandler
                0x080003ec                DMA1_Channel3_IRQHandler
                0x080003ec                TIM1_UP_IRQHandler
                0x080003ec                WWDG_IRQHandler
                0x080003ec                TIM2_IRQHandler
                0x080003ec                TIM1_BRK_IRQHandler
                0x080003ec                EXTI1_IRQHandler
                0x080003ec                USART2_IRQHandler
                0x080003ec                I2C2_ER_IRQHandler
                0x080003ec                DMA1_Channel2_IRQHandler
                0x080003ec                CAN1_SCE_IRQHandler
                0x080003ec                FLASH_IRQHandler
                0x080003ec                USART1_IRQHandler
                0x080003ec                I2C1_ER_IRQHandler
                0x080003ec                USBWakeUp_IRQHandler
 *fill*         0x080003ee        0x2 
 .text.HAL_InitTick
                0x080003f0       0x4c CMakeFiles/HAL_SoftWare.elf.dir/Drivers/STM32F1xx_HAL_Driver/Src/stm32f1xx_hal.c.obj
                0x080003f0                HAL_InitTick
 .text.HAL_Init
                0x0800043c       0x24 CMakeFiles/HAL_SoftWare.elf.dir/Drivers/STM32F1xx_HAL_Driver/Src/stm32f1xx_hal.c.obj
                0x0800043c                HAL_Init
 .text.HAL_IncTick
                0x08000460       0x18 CMakeFiles/HAL_SoftWare.elf.dir/Drivers/STM32F1xx_HAL_Driver/Src/stm32f1xx_hal.c.obj
                0x08000460                HAL_IncTick
 .text.HAL_GetTick
                0x08000478        0xc CMakeFiles/HAL_SoftWare.elf.dir/Drivers/STM32F1xx_HAL_Driver/Src/stm32f1xx_hal.c.obj
                0x08000478                HAL_GetTick
 .text.HAL_Delay
                0x08000484       0x28 CMakeFiles/HAL_SoftWare.elf.dir/Drivers/STM32F1xx_HAL_Driver/Src/stm32f1xx_hal.c.obj
                0x08000484                HAL_Delay
 .text.HAL_NVIC_SetPriorityGrouping
                0x080004ac       0x24 CMakeFiles/HAL_SoftWare.elf.dir/Drivers/STM32F1xx_HAL_Driver/Src/stm32f1xx_hal_cortex.c.obj
                0x080004ac                HAL_NVIC_SetPriorityGrouping
 .text.HAL_NVIC_SetPriority
                0x080004d0       0x70 CMakeFiles/HAL_SoftWare.elf.dir/Drivers/STM32F1xx_HAL_Driver/Src/stm32f1xx_hal_cortex.c.obj
                0x080004d0                HAL_NVIC_SetPriority
 .text.HAL_SYSTICK_Config
                0x08000540       0x28 CMakeFiles/HAL_SoftWare.elf.dir/Drivers/STM32F1xx_HAL_Driver/Src/stm32f1xx_hal_cortex.c.obj
                0x08000540                HAL_SYSTICK_Config
 .text.HAL_GPIO_Init
                0x08000568      0x224 CMakeFiles/HAL_SoftWare.elf.dir/Drivers/STM32F1xx_HAL_Driver/Src/stm32f1xx_hal_gpio.c.obj
                0x08000568                HAL_GPIO_Init
 .text.HAL_GPIO_WritePin
                0x0800078c        0xc CMakeFiles/HAL_SoftWare.elf.dir/Drivers/STM32F1xx_HAL_Driver/Src/stm32f1xx_hal_gpio.c.obj
                0x0800078c                HAL_GPIO_WritePin
 .text.HAL_GPIO_TogglePin
                0x08000798       0x12 CMakeFiles/HAL_SoftWare.elf.dir/Drivers/STM32F1xx_HAL_Driver/Src/stm32f1xx_hal_gpio.c.obj
                0x08000798                HAL_GPIO_TogglePin
 .text.I2C_IsAcknowledgeFailed
                0x080007aa       0x32 CMakeFiles/HAL_SoftWare.elf.dir/Drivers/STM32F1xx_HAL_Driver/Src/stm32f1xx_hal_i2c.c.obj
 .text.I2C_WaitOnFlagUntilTimeout
                0x080007dc       0xaa CMakeFiles/HAL_SoftWare.elf.dir/Drivers/STM32F1xx_HAL_Driver/Src/stm32f1xx_hal_i2c.c.obj
 .text.I2C_WaitOnMasterAddressFlagUntilTimeout
                0x08000886       0xd6 CMakeFiles/HAL_SoftWare.elf.dir/Drivers/STM32F1xx_HAL_Driver/Src/stm32f1xx_hal_i2c.c.obj
 .text.I2C_MasterRequestWrite
                0x0800095c       0xb4 CMakeFiles/HAL_SoftWare.elf.dir/Drivers/STM32F1xx_HAL_Driver/Src/stm32f1xx_hal_i2c.c.obj
 .text.I2C_MasterRequestRead
                0x08000a10      0x120 CMakeFiles/HAL_SoftWare.elf.dir/Drivers/STM32F1xx_HAL_Driver/Src/stm32f1xx_hal_i2c.c.obj
 .text.I2C_WaitOnTXEFlagUntilTimeout
                0x08000b30       0x5e CMakeFiles/HAL_SoftWare.elf.dir/Drivers/STM32F1xx_HAL_Driver/Src/stm32f1xx_hal_i2c.c.obj
 .text.I2C_WaitOnBTFFlagUntilTimeout
                0x08000b8e       0x5e CMakeFiles/HAL_SoftWare.elf.dir/Drivers/STM32F1xx_HAL_Driver/Src/stm32f1xx_hal_i2c.c.obj
 .text.I2C_WaitOnRXNEFlagUntilTimeout
                0x08000bec       0x78 CMakeFiles/HAL_SoftWare.elf.dir/Drivers/STM32F1xx_HAL_Driver/Src/stm32f1xx_hal_i2c.c.obj
 .text.HAL_I2C_Init
                0x08000c64      0x1bc CMakeFiles/HAL_SoftWare.elf.dir/Drivers/STM32F1xx_HAL_Driver/Src/stm32f1xx_hal_i2c.c.obj
                0x08000c64                HAL_I2C_Init
 .text.HAL_I2C_Master_Transmit
                0x08000e20      0x178 CMakeFiles/HAL_SoftWare.elf.dir/Drivers/STM32F1xx_HAL_Driver/Src/stm32f1xx_hal_i2c.c.obj
                0x08000e20                HAL_I2C_Master_Transmit
 .text.HAL_I2C_Master_Receive
                0x08000f98      0x358 CMakeFiles/HAL_SoftWare.elf.dir/Drivers/STM32F1xx_HAL_Driver/Src/stm32f1xx_hal_i2c.c.obj
                0x08000f98                HAL_I2C_Master_Receive
 .text.RCC_Delay
                0x080012f0       0x2c CMakeFiles/HAL_SoftWare.elf.dir/Drivers/STM32F1xx_HAL_Driver/Src/stm32f1xx_hal_rcc.c.obj
 .text.HAL_RCC_OscConfig
                0x0800131c      0x410 CMakeFiles/HAL_SoftWare.elf.dir/Drivers/STM32F1xx_HAL_Driver/Src/stm32f1xx_hal_rcc.c.obj
                0x0800131c                HAL_RCC_OscConfig
 .text.HAL_RCC_GetSysClockFreq
                0x0800172c       0x54 CMakeFiles/HAL_SoftWare.elf.dir/Drivers/STM32F1xx_HAL_Driver/Src/stm32f1xx_hal_rcc.c.obj
                0x0800172c                HAL_RCC_GetSysClockFreq
 .text.HAL_RCC_ClockConfig
                0x08001780      0x16c CMakeFiles/HAL_SoftWare.elf.dir/Drivers/STM32F1xx_HAL_Driver/Src/stm32f1xx_hal_rcc.c.obj
                0x08001780                HAL_RCC_ClockConfig
 .text.HAL_RCC_GetHCLKFreq
                0x080018ec        0xc CMakeFiles/HAL_SoftWare.elf.dir/Drivers/STM32F1xx_HAL_Driver/Src/stm32f1xx_hal_rcc.c.obj
                0x080018ec                HAL_RCC_GetHCLKFreq
 .text.HAL_RCC_GetPCLK1Freq
                0x080018f8       0x20 CMakeFiles/HAL_SoftWare.elf.dir/Drivers/STM32F1xx_HAL_Driver/Src/stm32f1xx_hal_rcc.c.obj
                0x080018f8                HAL_RCC_GetPCLK1Freq
 .text.__libc_init_array
                0x08001918       0x48 d:/gcc-arm-none-eabi-10.3-2021.10/bin/../lib/gcc/arm-none-eabi/10.3.1/../../../../arm-none-eabi/lib/thumb/v7-m/nofp\libc.a(lib_a-init.o)
                0x08001918                __libc_init_array
 .text.memset   0x08001960       0xa4 d:/gcc-arm-none-eabi-10.3-2021.10/bin/../lib/gcc/arm-none-eabi/10.3.1/../../../../arm-none-eabi/lib/thumb/v7-m/nofp\libc.a(lib_a-memset.o)
                0x08001960                memset
 .text.startup.register_fini
                0x08001a04       0x14 d:/gcc-arm-none-eabi-10.3-2021.10/bin/../lib/gcc/arm-none-eabi/10.3.1/../../../../arm-none-eabi/lib/thumb/v7-m/nofp\libc.a(lib_a-__call_atexit.o)
 .text.atexit   0x08001a18        0xc d:/gcc-arm-none-eabi-10.3-2021.10/bin/../lib/gcc/arm-none-eabi/10.3.1/../../../../arm-none-eabi/lib/thumb/v7-m/nofp\libc.a(lib_a-atexit.o)
                0x08001a18                atexit
 .text.__libc_fini_array
                0x08001a24       0x2c d:/gcc-arm-none-eabi-10.3-2021.10/bin/../lib/gcc/arm-none-eabi/10.3.1/../../../../arm-none-eabi/lib/thumb/v7-m/nofp\libc.a(lib_a-fini.o)
                0x08001a24                __libc_fini_array
 .text.__retarget_lock_acquire_recursive
                0x08001a50        0x4 d:/gcc-arm-none-eabi-10.3-2021.10/bin/../lib/gcc/arm-none-eabi/10.3.1/../../../../arm-none-eabi/lib/thumb/v7-m/nofp\libc.a(lib_a-lock.o)
                0x08001a50                __retarget_lock_acquire_recursive
 .text.__retarget_lock_release_recursive
                0x08001a54        0x4 d:/gcc-arm-none-eabi-10.3-2021.10/bin/../lib/gcc/arm-none-eabi/10.3.1/../../../../arm-none-eabi/lib/thumb/v7-m/nofp\libc.a(lib_a-lock.o)
                0x08001a54                __retarget_lock_release_recursive
 .text.__register_exitproc
                0x08001a58       0x8c d:/gcc-arm-none-eabi-10.3-2021.10/bin/../lib/gcc/arm-none-eabi/10.3.1/../../../../arm-none-eabi/lib/thumb/v7-m/nofp\libc.a(lib_a-__atexit.o)
                0x08001a58                __register_exitproc
 *(.glue_7)
 .glue_7        0x08001ae4        0x0 linker stubs
 *(.glue_7t)
 .glue_7t       0x08001ae4        0x0 linker stubs
 *(.eh_frame)
 .eh_frame      0x08001ae4        0x0 d:/gcc-arm-none-eabi-10.3-2021.10/bin/../lib/gcc/arm-none-eabi/10.3.1/thumb/v7-m/nofp/crtbegin.o
 *(.init)
 .init          0x08001ae4        0x4 d:/gcc-arm-none-eabi-10.3-2021.10/bin/../lib/gcc/arm-none-eabi/10.3.1/thumb/v7-m/nofp/crti.o
                0x08001ae4                _init
 .init          0x08001ae8        0x8 d:/gcc-arm-none-eabi-10.3-2021.10/bin/../lib/gcc/arm-none-eabi/10.3.1/thumb/v7-m/nofp/crtn.o
 *(.fini)
 .fini          0x08001af0        0x4 d:/gcc-arm-none-eabi-10.3-2021.10/bin/../lib/gcc/arm-none-eabi/10.3.1/thumb/v7-m/nofp/crti.o
                0x08001af0                _fini
 .fini          0x08001af4        0x8 d:/gcc-arm-none-eabi-10.3-2021.10/bin/../lib/gcc/arm-none-eabi/10.3.1/thumb/v7-m/nofp/crtn.o
                0x08001afc                . = ALIGN (0x4)
                0x08001afc                _etext = .

.vfp11_veneer   0x08001afc        0x0
 .vfp11_veneer  0x08001afc        0x0 linker stubs

.v4_bx          0x08001afc        0x0
 .v4_bx         0x08001afc        0x0 linker stubs

.iplt           0x08001afc        0x0
 .iplt          0x08001afc        0x0 d:/gcc-arm-none-eabi-10.3-2021.10/bin/../lib/gcc/arm-none-eabi/10.3.1/thumb/v7-m/nofp/crtbegin.o

.rodata         0x08001afc       0x30
                0x08001afc                . = ALIGN (0x4)
 *(.rodata)
 *(.rodata*)
 .rodata.AHBPrescTable
                0x08001afc       0x10 CMakeFiles/HAL_SoftWare.elf.dir/Core/Src/system_stm32f1xx.c.obj
                0x08001afc                AHBPrescTable
 .rodata.APBPrescTable
                0x08001b0c        0x8 CMakeFiles/HAL_SoftWare.elf.dir/Core/Src/system_stm32f1xx.c.obj
                0x08001b0c                APBPrescTable
 .rodata.aPLLMULFactorTable.1
                0x08001b14       0x10 CMakeFiles/HAL_SoftWare.elf.dir/Drivers/STM32F1xx_HAL_Driver/Src/stm32f1xx_hal_rcc.c.obj
 .rodata.aPredivFactorTable.0
                0x08001b24        0x2 CMakeFiles/HAL_SoftWare.elf.dir/Drivers/STM32F1xx_HAL_Driver/Src/stm32f1xx_hal_rcc.c.obj
 *fill*         0x08001b26        0x2 
 .rodata._global_impure_ptr
                0x08001b28        0x4 d:/gcc-arm-none-eabi-10.3-2021.10/bin/../lib/gcc/arm-none-eabi/10.3.1/../../../../arm-none-eabi/lib/thumb/v7-m/nofp\libc.a(lib_a-impure.o)
                0x08001b28                _global_impure_ptr
                0x08001b2c                . = ALIGN (0x4)

.rel.dyn        0x08001b2c        0x0
 .rel.iplt      0x08001b2c        0x0 d:/gcc-arm-none-eabi-10.3-2021.10/bin/../lib/gcc/arm-none-eabi/10.3.1/thumb/v7-m/nofp/crtbegin.o

.ARM.extab      0x08001b2c        0x0
                0x08001b2c                . = ALIGN (0x4)
 *(.ARM.extab* .gnu.linkonce.armextab.*)
                0x08001b2c                . = ALIGN (0x4)

.ARM            0x08001b2c        0x0
                0x08001b2c                . = ALIGN (0x4)
                0x08001b2c                __exidx_start = .
 *(.ARM.exidx*)
                0x08001b2c                __exidx_end = .
                0x08001b2c                . = ALIGN (0x4)

.preinit_array  0x08001b2c        0x0
                0x08001b2c                . = ALIGN (0x4)
                0x08001b2c                PROVIDE (__preinit_array_start = .)
 *(.preinit_array*)
                0x08001b2c                PROVIDE (__preinit_array_end = .)
                0x08001b2c                . = ALIGN (0x4)

.init_array     0x08001b2c        0x8
                0x08001b2c                . = ALIGN (0x4)
                0x08001b2c                PROVIDE (__init_array_start = .)
 *(SORT_BY_NAME(.init_array.*))
 .init_array.00000
                0x08001b2c        0x4 d:/gcc-arm-none-eabi-10.3-2021.10/bin/../lib/gcc/arm-none-eabi/10.3.1/../../../../arm-none-eabi/lib/thumb/v7-m/nofp\libc.a(lib_a-__call_atexit.o)
 *(.init_array*)
 .init_array    0x08001b30        0x4 d:/gcc-arm-none-eabi-10.3-2021.10/bin/../lib/gcc/arm-none-eabi/10.3.1/thumb/v7-m/nofp/crtbegin.o
                0x08001b34                PROVIDE (__init_array_end = .)
                0x08001b34                . = ALIGN (0x4)

.fini_array     0x08001b34        0x4
                0x08001b34                . = ALIGN (0x4)
                0x08001b34                PROVIDE (__fini_array_start = .)
 *(SORT_BY_NAME(.fini_array.*))
 *(.fini_array*)
 .fini_array    0x08001b34        0x4 d:/gcc-arm-none-eabi-10.3-2021.10/bin/../lib/gcc/arm-none-eabi/10.3.1/thumb/v7-m/nofp/crtbegin.o
                0x08001b38                PROVIDE (__fini_array_end = .)
                0x08001b38                . = ALIGN (0x4)
                0x08001b38                _sidata = LOADADDR (.data)

.data           0x20000000      0x43c load address 0x08001b38
                0x20000000                . = ALIGN (0x4)
                0x20000000                _sdata = .
 *(.data)
 *(.data*)
 .data.REG_AS5600
                0x20000000        0x1 CMakeFiles/HAL_SoftWare.elf.dir/Core/Src/main.c.obj
                0x20000000                REG_AS5600
 *fill*         0x20000001        0x3 
 .data.SystemCoreClock
                0x20000004        0x4 CMakeFiles/HAL_SoftWare.elf.dir/Core/Src/system_stm32f1xx.c.obj
                0x20000004                SystemCoreClock
 .data.uwTickFreq
                0x20000008        0x1 CMakeFiles/HAL_SoftWare.elf.dir/Drivers/STM32F1xx_HAL_Driver/Src/stm32f1xx_hal.c.obj
                0x20000008                uwTickFreq
 *fill*         0x20000009        0x3 
 .data.uwTickPrio
                0x2000000c        0x4 CMakeFiles/HAL_SoftWare.elf.dir/Drivers/STM32F1xx_HAL_Driver/Src/stm32f1xx_hal.c.obj
                0x2000000c                uwTickPrio
 .data.impure_data
                0x20000010      0x428 d:/gcc-arm-none-eabi-10.3-2021.10/bin/../lib/gcc/arm-none-eabi/10.3.1/../../../../arm-none-eabi/lib/thumb/v7-m/nofp\libc.a(lib_a-impure.o)
 .data.__atexit_recursive_mutex
                0x20000438        0x4 d:/gcc-arm-none-eabi-10.3-2021.10/bin/../lib/gcc/arm-none-eabi/10.3.1/../../../../arm-none-eabi/lib/thumb/v7-m/nofp\libc.a(lib_a-__call_atexit.o)
                0x20000438                __atexit_recursive_mutex
 *(.RamFunc)
 *(.RamFunc*)
                0x2000043c                . = ALIGN (0x4)
                0x2000043c                _edata = .

.igot.plt       0x2000043c        0x0 load address 0x08001f74
 .igot.plt      0x2000043c        0x0 d:/gcc-arm-none-eabi-10.3-2021.10/bin/../lib/gcc/arm-none-eabi/10.3.1/thumb/v7-m/nofp/crtbegin.o
                0x2000043c                . = ALIGN (0x4)

.bss            0x2000043c       0x80 load address 0x08001f74
                0x2000043c                _sbss = .
                0x2000043c                __bss_start__ = _sbss
 *(.bss)
 .bss           0x2000043c       0x1c d:/gcc-arm-none-eabi-10.3-2021.10/bin/../lib/gcc/arm-none-eabi/10.3.1/thumb/v7-m/nofp/crtbegin.o
 *(.bss*)
 .bss.hi2c1     0x20000458       0x54 CMakeFiles/HAL_SoftWare.elf.dir/Core/Src/i2c.c.obj
                0x20000458                hi2c1
 .bss.angle     0x200004ac        0x1 CMakeFiles/HAL_SoftWare.elf.dir/Core/Src/main.c.obj
                0x200004ac                angle
 *fill*         0x200004ad        0x3 
 .bss.buffer    0x200004b0        0x2 CMakeFiles/HAL_SoftWare.elf.dir/Core/Src/main.c.obj
                0x200004b0                buffer
 *fill*         0x200004b2        0x2 
 .bss.uwTick    0x200004b4        0x4 CMakeFiles/HAL_SoftWare.elf.dir/Drivers/STM32F1xx_HAL_Driver/Src/stm32f1xx_hal.c.obj
                0x200004b4                uwTick
 .bss.__lock___atexit_recursive_mutex
                0x200004b8        0x1 d:/gcc-arm-none-eabi-10.3-2021.10/bin/../lib/gcc/arm-none-eabi/10.3.1/../../../../arm-none-eabi/lib/thumb/v7-m/nofp\libc.a(lib_a-lock.o)
                0x200004b8                __lock___atexit_recursive_mutex
 *(COMMON)
                0x200004bc                . = ALIGN (0x4)
 *fill*         0x200004b9        0x3 
                0x200004bc                _ebss = .
                0x200004bc                __bss_end__ = _ebss

._user_heap_stack
                0x200004bc      0x604 load address 0x08001f74
                0x200004c0                . = ALIGN (0x8)
 *fill*         0x200004bc        0x4 
                [!provide]                PROVIDE (end = .)
                0x200004c0                PROVIDE (_end = .)
                0x200006c0                . = (. + _Min_Heap_Size)
 *fill*         0x200004c0      0x200 
                0x20000ac0                . = (. + _Min_Stack_Size)
 *fill*         0x200006c0      0x400 
                0x20000ac0                . = ALIGN (0x8)

/DISCARD/
 libc.a(*)
 libm.a(*)
 libgcc.a(*)

.ARM.attributes
                0x00000000       0x29
 *(.ARM.attributes)
 .ARM.attributes
                0x00000000       0x1d d:/gcc-arm-none-eabi-10.3-2021.10/bin/../lib/gcc/arm-none-eabi/10.3.1/thumb/v7-m/nofp/crti.o
 .ARM.attributes
                0x0000001d       0x2d d:/gcc-arm-none-eabi-10.3-2021.10/bin/../lib/gcc/arm-none-eabi/10.3.1/thumb/v7-m/nofp/crtbegin.o
 .ARM.attributes
                0x0000004a       0x2d CMakeFiles/HAL_SoftWare.elf.dir/Core/Src/gpio.c.obj
 .ARM.attributes
                0x00000077       0x2d CMakeFiles/HAL_SoftWare.elf.dir/Core/Src/i2c.c.obj
 .ARM.attributes
                0x000000a4       0x2d CMakeFiles/HAL_SoftWare.elf.dir/Core/Src/main.c.obj
 .ARM.attributes
                0x000000d1       0x2d CMakeFiles/HAL_SoftWare.elf.dir/Core/Src/stm32f1xx_hal_msp.c.obj
 .ARM.attributes
                0x000000fe       0x2d CMakeFiles/HAL_SoftWare.elf.dir/Core/Src/stm32f1xx_it.c.obj
 .ARM.attributes
                0x0000012b       0x2d CMakeFiles/HAL_SoftWare.elf.dir/Core/Src/system_stm32f1xx.c.obj
 .ARM.attributes
                0x00000158       0x21 CMakeFiles/HAL_SoftWare.elf.dir/Core/Startup/startup_stm32f103c8tx.s.obj
 .ARM.attributes
                0x00000179       0x2d CMakeFiles/HAL_SoftWare.elf.dir/Drivers/STM32F1xx_HAL_Driver/Src/stm32f1xx_hal.c.obj
 .ARM.attributes
                0x000001a6       0x2d CMakeFiles/HAL_SoftWare.elf.dir/Drivers/STM32F1xx_HAL_Driver/Src/stm32f1xx_hal_cortex.c.obj
 .ARM.attributes
                0x000001d3       0x2d CMakeFiles/HAL_SoftWare.elf.dir/Drivers/STM32F1xx_HAL_Driver/Src/stm32f1xx_hal_gpio.c.obj
 .ARM.attributes
                0x00000200       0x2d CMakeFiles/HAL_SoftWare.elf.dir/Drivers/STM32F1xx_HAL_Driver/Src/stm32f1xx_hal_i2c.c.obj
 .ARM.attributes
                0x0000022d       0x2d CMakeFiles/HAL_SoftWare.elf.dir/Drivers/STM32F1xx_HAL_Driver/Src/stm32f1xx_hal_rcc.c.obj
 .ARM.attributes
                0x0000025a       0x2d d:/gcc-arm-none-eabi-10.3-2021.10/bin/../lib/gcc/arm-none-eabi/10.3.1/../../../../arm-none-eabi/lib/thumb/v7-m/nofp\libc.a(lib_a-impure.o)
 .ARM.attributes
                0x00000287       0x2d d:/gcc-arm-none-eabi-10.3-2021.10/bin/../lib/gcc/arm-none-eabi/10.3.1/../../../../arm-none-eabi/lib/thumb/v7-m/nofp\libc.a(lib_a-init.o)
 .ARM.attributes
                0x000002b4       0x2d d:/gcc-arm-none-eabi-10.3-2021.10/bin/../lib/gcc/arm-none-eabi/10.3.1/../../../../arm-none-eabi/lib/thumb/v7-m/nofp\libc.a(lib_a-memset.o)
 .ARM.attributes
                0x000002e1       0x2d d:/gcc-arm-none-eabi-10.3-2021.10/bin/../lib/gcc/arm-none-eabi/10.3.1/../../../../arm-none-eabi/lib/thumb/v7-m/nofp\libc.a(lib_a-__call_atexit.o)
 .ARM.attributes
                0x0000030e       0x2d d:/gcc-arm-none-eabi-10.3-2021.10/bin/../lib/gcc/arm-none-eabi/10.3.1/../../../../arm-none-eabi/lib/thumb/v7-m/nofp\libc.a(lib_a-atexit.o)
 .ARM.attributes
                0x0000033b       0x2d d:/gcc-arm-none-eabi-10.3-2021.10/bin/../lib/gcc/arm-none-eabi/10.3.1/../../../../arm-none-eabi/lib/thumb/v7-m/nofp\libc.a(lib_a-fini.o)
 .ARM.attributes
                0x00000368       0x2d d:/gcc-arm-none-eabi-10.3-2021.10/bin/../lib/gcc/arm-none-eabi/10.3.1/../../../../arm-none-eabi/lib/thumb/v7-m/nofp\libc.a(lib_a-lock.o)
 .ARM.attributes
                0x00000395       0x2d d:/gcc-arm-none-eabi-10.3-2021.10/bin/../lib/gcc/arm-none-eabi/10.3.1/../../../../arm-none-eabi/lib/thumb/v7-m/nofp\libc.a(lib_a-__atexit.o)
 .ARM.attributes
                0x000003c2       0x1d d:/gcc-arm-none-eabi-10.3-2021.10/bin/../lib/gcc/arm-none-eabi/10.3.1/thumb/v7-m/nofp/crtn.o
OUTPUT(HAL_SoftWare.elf elf32-littlearm)
LOAD linker stubs
LOAD d:/gcc-arm-none-eabi-10.3-2021.10/bin/../lib/gcc/arm-none-eabi/10.3.1/../../../../arm-none-eabi/lib/thumb/v7-m/nofp\libc.a
LOAD d:/gcc-arm-none-eabi-10.3-2021.10/bin/../lib/gcc/arm-none-eabi/10.3.1/../../../../arm-none-eabi/lib/thumb/v7-m/nofp\libm.a
LOAD d:/gcc-arm-none-eabi-10.3-2021.10/bin/../lib/gcc/arm-none-eabi/10.3.1/thumb/v7-m/nofp\libgcc.a

.debug_info     0x00000000     0x7baf
 .debug_info    0x00000000      0x313 CMakeFiles/HAL_SoftWare.elf.dir/Core/Src/gpio.c.obj
 .debug_info    0x00000313      0x8a4 CMakeFiles/HAL_SoftWare.elf.dir/Core/Src/i2c.c.obj
 .debug_info    0x00000bb7      0x9bb CMakeFiles/HAL_SoftWare.elf.dir/Core/Src/main.c.obj
 .debug_info    0x00001572      0x211 CMakeFiles/HAL_SoftWare.elf.dir/Core/Src/stm32f1xx_hal_msp.c.obj
 .debug_info    0x00001783      0x130 CMakeFiles/HAL_SoftWare.elf.dir/Core/Src/stm32f1xx_it.c.obj
 .debug_info    0x000018b3      0x248 CMakeFiles/HAL_SoftWare.elf.dir/Core/Src/system_stm32f1xx.c.obj
 .debug_info    0x00001afb       0x22 CMakeFiles/HAL_SoftWare.elf.dir/Core/Startup/startup_stm32f103c8tx.s.obj
 .debug_info    0x00001b1d      0x7a8 CMakeFiles/HAL_SoftWare.elf.dir/Drivers/STM32F1xx_HAL_Driver/Src/stm32f1xx_hal.c.obj
 .debug_info    0x000022c5      0xd8a CMakeFiles/HAL_SoftWare.elf.dir/Drivers/STM32F1xx_HAL_Driver/Src/stm32f1xx_hal_cortex.c.obj
 .debug_info    0x0000304f      0x66f CMakeFiles/HAL_SoftWare.elf.dir/Drivers/STM32F1xx_HAL_Driver/Src/stm32f1xx_hal_gpio.c.obj
 .debug_info    0x000036be     0x3ab6 CMakeFiles/HAL_SoftWare.elf.dir/Drivers/STM32F1xx_HAL_Driver/Src/stm32f1xx_hal_i2c.c.obj
 .debug_info    0x00007174      0xa3b CMakeFiles/HAL_SoftWare.elf.dir/Drivers/STM32F1xx_HAL_Driver/Src/stm32f1xx_hal_rcc.c.obj

.debug_abbrev   0x00000000     0x13e6
 .debug_abbrev  0x00000000      0x13c CMakeFiles/HAL_SoftWare.elf.dir/Core/Src/gpio.c.obj
 .debug_abbrev  0x0000013c      0x1c1 CMakeFiles/HAL_SoftWare.elf.dir/Core/Src/i2c.c.obj
 .debug_abbrev  0x000002fd      0x20e CMakeFiles/HAL_SoftWare.elf.dir/Core/Src/main.c.obj
 .debug_abbrev  0x0000050b       0xe5 CMakeFiles/HAL_SoftWare.elf.dir/Core/Src/stm32f1xx_hal_msp.c.obj
 .debug_abbrev  0x000005f0       0x7e CMakeFiles/HAL_SoftWare.elf.dir/Core/Src/stm32f1xx_it.c.obj
 .debug_abbrev  0x0000066e      0x13e CMakeFiles/HAL_SoftWare.elf.dir/Core/Src/system_stm32f1xx.c.obj
 .debug_abbrev  0x000007ac       0x12 CMakeFiles/HAL_SoftWare.elf.dir/Core/Startup/startup_stm32f103c8tx.s.obj
 .debug_abbrev  0x000007be      0x1f4 CMakeFiles/HAL_SoftWare.elf.dir/Drivers/STM32F1xx_HAL_Driver/Src/stm32f1xx_hal.c.obj
 .debug_abbrev  0x000009b2      0x341 CMakeFiles/HAL_SoftWare.elf.dir/Drivers/STM32F1xx_HAL_Driver/Src/stm32f1xx_hal_cortex.c.obj
 .debug_abbrev  0x00000cf3      0x1e6 CMakeFiles/HAL_SoftWare.elf.dir/Drivers/STM32F1xx_HAL_Driver/Src/stm32f1xx_hal_gpio.c.obj
 .debug_abbrev  0x00000ed9      0x293 CMakeFiles/HAL_SoftWare.elf.dir/Drivers/STM32F1xx_HAL_Driver/Src/stm32f1xx_hal_i2c.c.obj
 .debug_abbrev  0x0000116c      0x27a CMakeFiles/HAL_SoftWare.elf.dir/Drivers/STM32F1xx_HAL_Driver/Src/stm32f1xx_hal_rcc.c.obj

.debug_aranges  0x00000000      0x650
 .debug_aranges
                0x00000000       0x20 CMakeFiles/HAL_SoftWare.elf.dir/Core/Src/gpio.c.obj
 .debug_aranges
                0x00000020       0x30 CMakeFiles/HAL_SoftWare.elf.dir/Core/Src/i2c.c.obj
 .debug_aranges
                0x00000050       0x30 CMakeFiles/HAL_SoftWare.elf.dir/Core/Src/main.c.obj
 .debug_aranges
                0x00000080       0x20 CMakeFiles/HAL_SoftWare.elf.dir/Core/Src/stm32f1xx_hal_msp.c.obj
 .debug_aranges
                0x000000a0       0x60 CMakeFiles/HAL_SoftWare.elf.dir/Core/Src/stm32f1xx_it.c.obj
 .debug_aranges
                0x00000100       0x28 CMakeFiles/HAL_SoftWare.elf.dir/Core/Src/system_stm32f1xx.c.obj
 .debug_aranges
                0x00000128       0x28 CMakeFiles/HAL_SoftWare.elf.dir/Core/Startup/startup_stm32f103c8tx.s.obj
 .debug_aranges
                0x00000150       0xe0 CMakeFiles/HAL_SoftWare.elf.dir/Drivers/STM32F1xx_HAL_Driver/Src/stm32f1xx_hal.c.obj
 .debug_aranges
                0x00000230       0x90 CMakeFiles/HAL_SoftWare.elf.dir/Drivers/STM32F1xx_HAL_Driver/Src/stm32f1xx_hal_cortex.c.obj
 .debug_aranges
                0x000002c0       0x58 CMakeFiles/HAL_SoftWare.elf.dir/Drivers/STM32F1xx_HAL_Driver/Src/stm32f1xx_hal_gpio.c.obj
 .debug_aranges
                0x00000318      0x2a8 CMakeFiles/HAL_SoftWare.elf.dir/Drivers/STM32F1xx_HAL_Driver/Src/stm32f1xx_hal_i2c.c.obj
 .debug_aranges
                0x000005c0       0x90 CMakeFiles/HAL_SoftWare.elf.dir/Drivers/STM32F1xx_HAL_Driver/Src/stm32f1xx_hal_rcc.c.obj

.debug_ranges   0x00000000      0x630
 .debug_ranges  0x00000000       0x10 CMakeFiles/HAL_SoftWare.elf.dir/Core/Src/gpio.c.obj
 .debug_ranges  0x00000010       0x20 CMakeFiles/HAL_SoftWare.elf.dir/Core/Src/i2c.c.obj
 .debug_ranges  0x00000030       0x20 CMakeFiles/HAL_SoftWare.elf.dir/Core/Src/main.c.obj
 .debug_ranges  0x00000050       0x10 CMakeFiles/HAL_SoftWare.elf.dir/Core/Src/stm32f1xx_hal_msp.c.obj
 .debug_ranges  0x00000060       0x50 CMakeFiles/HAL_SoftWare.elf.dir/Core/Src/stm32f1xx_it.c.obj
 .debug_ranges  0x000000b0       0x18 CMakeFiles/HAL_SoftWare.elf.dir/Core/Src/system_stm32f1xx.c.obj
 .debug_ranges  0x000000c8       0x20 CMakeFiles/HAL_SoftWare.elf.dir/Core/Startup/startup_stm32f103c8tx.s.obj
 .debug_ranges  0x000000e8       0xd0 CMakeFiles/HAL_SoftWare.elf.dir/Drivers/STM32F1xx_HAL_Driver/Src/stm32f1xx_hal.c.obj
 .debug_ranges  0x000001b8       0xe0 CMakeFiles/HAL_SoftWare.elf.dir/Drivers/STM32F1xx_HAL_Driver/Src/stm32f1xx_hal_cortex.c.obj
 .debug_ranges  0x00000298       0x48 CMakeFiles/HAL_SoftWare.elf.dir/Drivers/STM32F1xx_HAL_Driver/Src/stm32f1xx_hal_gpio.c.obj
 .debug_ranges  0x000002e0      0x2b0 CMakeFiles/HAL_SoftWare.elf.dir/Drivers/STM32F1xx_HAL_Driver/Src/stm32f1xx_hal_i2c.c.obj
 .debug_ranges  0x00000590       0xa0 CMakeFiles/HAL_SoftWare.elf.dir/Drivers/STM32F1xx_HAL_Driver/Src/stm32f1xx_hal_rcc.c.obj

.debug_line     0x00000000     0x84d3
 .debug_line    0x00000000      0x215 CMakeFiles/HAL_SoftWare.elf.dir/Core/Src/gpio.c.obj
 .debug_line    0x00000215      0x33f CMakeFiles/HAL_SoftWare.elf.dir/Core/Src/i2c.c.obj
 .debug_line    0x00000554      0x447 CMakeFiles/HAL_SoftWare.elf.dir/Core/Src/main.c.obj
 .debug_line    0x0000099b      0x190 CMakeFiles/HAL_SoftWare.elf.dir/Core/Src/stm32f1xx_hal_msp.c.obj
 .debug_line    0x00000b2b      0x1c9 CMakeFiles/HAL_SoftWare.elf.dir/Core/Src/stm32f1xx_it.c.obj
 .debug_line    0x00000cf4      0x25a CMakeFiles/HAL_SoftWare.elf.dir/Core/Src/system_stm32f1xx.c.obj
 .debug_line    0x00000f4e       0xac CMakeFiles/HAL_SoftWare.elf.dir/Core/Startup/startup_stm32f103c8tx.s.obj
 .debug_line    0x00000ffa      0x594 CMakeFiles/HAL_SoftWare.elf.dir/Drivers/STM32F1xx_HAL_Driver/Src/stm32f1xx_hal.c.obj
 .debug_line    0x0000158e      0x676 CMakeFiles/HAL_SoftWare.elf.dir/Drivers/STM32F1xx_HAL_Driver/Src/stm32f1xx_hal_cortex.c.obj
 .debug_line    0x00001c04      0x61e CMakeFiles/HAL_SoftWare.elf.dir/Drivers/STM32F1xx_HAL_Driver/Src/stm32f1xx_hal_gpio.c.obj
 .debug_line    0x00002222     0x5656 CMakeFiles/HAL_SoftWare.elf.dir/Drivers/STM32F1xx_HAL_Driver/Src/stm32f1xx_hal_i2c.c.obj
 .debug_line    0x00007878      0xc5b CMakeFiles/HAL_SoftWare.elf.dir/Drivers/STM32F1xx_HAL_Driver/Src/stm32f1xx_hal_rcc.c.obj

.debug_str      0x00000000     0x21ee
 .debug_str     0x00000000      0x273 CMakeFiles/HAL_SoftWare.elf.dir/Core/Src/gpio.c.obj
                                0x2c4 (size before relaxing)
 .debug_str     0x00000273      0x4e7 CMakeFiles/HAL_SoftWare.elf.dir/Core/Src/i2c.c.obj
                                0x77b (size before relaxing)
 .debug_str     0x0000075a      0x213 CMakeFiles/HAL_SoftWare.elf.dir/Core/Src/main.c.obj
                                0x8a1 (size before relaxing)
 .debug_str     0x0000096d       0x80 CMakeFiles/HAL_SoftWare.elf.dir/Core/Src/stm32f1xx_hal_msp.c.obj
                                0x266 (size before relaxing)
 .debug_str     0x000009ed       0xdd CMakeFiles/HAL_SoftWare.elf.dir/Core/Src/stm32f1xx_it.c.obj
                                0x269 (size before relaxing)
 .debug_str     0x00000aca       0xa4 CMakeFiles/HAL_SoftWare.elf.dir/Core/Src/system_stm32f1xx.c.obj
                                0x29b (size before relaxing)
 .debug_str     0x00000b6e       0x5c CMakeFiles/HAL_SoftWare.elf.dir/Core/Startup/startup_stm32f103c8tx.s.obj
                                 0x97 (size before relaxing)
 .debug_str     0x00000bca      0x614 CMakeFiles/HAL_SoftWare.elf.dir/Drivers/STM32F1xx_HAL_Driver/Src/stm32f1xx_hal.c.obj
                                0x86b (size before relaxing)
 .debug_str     0x000011de      0x3eb CMakeFiles/HAL_SoftWare.elf.dir/Drivers/STM32F1xx_HAL_Driver/Src/stm32f1xx_hal_cortex.c.obj
                                0x91a (size before relaxing)
 .debug_str     0x000015c9      0x12d CMakeFiles/HAL_SoftWare.elf.dir/Drivers/STM32F1xx_HAL_Driver/Src/stm32f1xx_hal_gpio.c.obj
                                0x447 (size before relaxing)
 .debug_str     0x000016f6      0x8fe CMakeFiles/HAL_SoftWare.elf.dir/Drivers/STM32F1xx_HAL_Driver/Src/stm32f1xx_hal_i2c.c.obj
                               0x100c (size before relaxing)
 .debug_str     0x00001ff4      0x1fa CMakeFiles/HAL_SoftWare.elf.dir/Drivers/STM32F1xx_HAL_Driver/Src/stm32f1xx_hal_rcc.c.obj
                                0x672 (size before relaxing)

.comment        0x00000000       0x49
 .comment       0x00000000       0x49 CMakeFiles/HAL_SoftWare.elf.dir/Core/Src/gpio.c.obj
                                 0x4a (size before relaxing)
 .comment       0x00000049       0x4a CMakeFiles/HAL_SoftWare.elf.dir/Core/Src/i2c.c.obj
 .comment       0x00000049       0x4a CMakeFiles/HAL_SoftWare.elf.dir/Core/Src/main.c.obj
 .comment       0x00000049       0x4a CMakeFiles/HAL_SoftWare.elf.dir/Core/Src/stm32f1xx_hal_msp.c.obj
 .comment       0x00000049       0x4a CMakeFiles/HAL_SoftWare.elf.dir/Core/Src/stm32f1xx_it.c.obj
 .comment       0x00000049       0x4a CMakeFiles/HAL_SoftWare.elf.dir/Core/Src/system_stm32f1xx.c.obj
 .comment       0x00000049       0x4a CMakeFiles/HAL_SoftWare.elf.dir/Drivers/STM32F1xx_HAL_Driver/Src/stm32f1xx_hal.c.obj
 .comment       0x00000049       0x4a CMakeFiles/HAL_SoftWare.elf.dir/Drivers/STM32F1xx_HAL_Driver/Src/stm32f1xx_hal_cortex.c.obj
 .comment       0x00000049       0x4a CMakeFiles/HAL_SoftWare.elf.dir/Drivers/STM32F1xx_HAL_Driver/Src/stm32f1xx_hal_gpio.c.obj
 .comment       0x00000049       0x4a CMakeFiles/HAL_SoftWare.elf.dir/Drivers/STM32F1xx_HAL_Driver/Src/stm32f1xx_hal_i2c.c.obj
 .comment       0x00000049       0x4a CMakeFiles/HAL_SoftWare.elf.dir/Drivers/STM32F1xx_HAL_Driver/Src/stm32f1xx_hal_rcc.c.obj

.debug_frame    0x00000000     0x12a4
 .debug_frame   0x00000000       0x30 CMakeFiles/HAL_SoftWare.elf.dir/Core/Src/gpio.c.obj
 .debug_frame   0x00000030       0x60 CMakeFiles/HAL_SoftWare.elf.dir/Core/Src/i2c.c.obj
 .debug_frame   0x00000090       0x58 CMakeFiles/HAL_SoftWare.elf.dir/Core/Src/main.c.obj
 .debug_frame   0x000000e8       0x28 CMakeFiles/HAL_SoftWare.elf.dir/Core/Src/stm32f1xx_hal_msp.c.obj
 .debug_frame   0x00000110       0xa8 CMakeFiles/HAL_SoftWare.elf.dir/Core/Src/stm32f1xx_it.c.obj
 .debug_frame   0x000001b8       0x30 CMakeFiles/HAL_SoftWare.elf.dir/Core/Src/system_stm32f1xx.c.obj
 .debug_frame   0x000001e8      0x1cc CMakeFiles/HAL_SoftWare.elf.dir/Drivers/STM32F1xx_HAL_Driver/Src/stm32f1xx_hal.c.obj
 .debug_frame   0x000003b4      0x118 CMakeFiles/HAL_SoftWare.elf.dir/Drivers/STM32F1xx_HAL_Driver/Src/stm32f1xx_hal_cortex.c.obj
 .debug_frame   0x000004cc       0xe4 CMakeFiles/HAL_SoftWare.elf.dir/Drivers/STM32F1xx_HAL_Driver/Src/stm32f1xx_hal_gpio.c.obj
 .debug_frame   0x000005b0      0x984 CMakeFiles/HAL_SoftWare.elf.dir/Drivers/STM32F1xx_HAL_Driver/Src/stm32f1xx_hal_i2c.c.obj
 .debug_frame   0x00000f34      0x184 CMakeFiles/HAL_SoftWare.elf.dir/Drivers/STM32F1xx_HAL_Driver/Src/stm32f1xx_hal_rcc.c.obj
 .debug_frame   0x000010b8       0x2c d:/gcc-arm-none-eabi-10.3-2021.10/bin/../lib/gcc/arm-none-eabi/10.3.1/../../../../arm-none-eabi/lib/thumb/v7-m/nofp\libc.a(lib_a-init.o)
 .debug_frame   0x000010e4       0x2c d:/gcc-arm-none-eabi-10.3-2021.10/bin/../lib/gcc/arm-none-eabi/10.3.1/../../../../arm-none-eabi/lib/thumb/v7-m/nofp\libc.a(lib_a-memset.o)
 .debug_frame   0x00001110       0x5c d:/gcc-arm-none-eabi-10.3-2021.10/bin/../lib/gcc/arm-none-eabi/10.3.1/../../../../arm-none-eabi/lib/thumb/v7-m/nofp\libc.a(lib_a-__call_atexit.o)
 .debug_frame   0x0000116c       0x20 d:/gcc-arm-none-eabi-10.3-2021.10/bin/../lib/gcc/arm-none-eabi/10.3.1/../../../../arm-none-eabi/lib/thumb/v7-m/nofp\libc.a(lib_a-atexit.o)
 .debug_frame   0x0000118c       0x34 d:/gcc-arm-none-eabi-10.3-2021.10/bin/../lib/gcc/arm-none-eabi/10.3.1/../../../../arm-none-eabi/lib/thumb/v7-m/nofp\libc.a(lib_a-fini.o)
 .debug_frame   0x000011c0       0xb0 d:/gcc-arm-none-eabi-10.3-2021.10/bin/../lib/gcc/arm-none-eabi/10.3.1/../../../../arm-none-eabi/lib/thumb/v7-m/nofp\libc.a(lib_a-lock.o)
 .debug_frame   0x00001270       0x34 d:/gcc-arm-none-eabi-10.3-2021.10/bin/../lib/gcc/arm-none-eabi/10.3.1/../../../../arm-none-eabi/lib/thumb/v7-m/nofp\libc.a(lib_a-__atexit.o)

.debug_loc      0x00000000     0x563a
 .debug_loc     0x00000000       0x67 CMakeFiles/HAL_SoftWare.elf.dir/Core/Src/i2c.c.obj
 .debug_loc     0x00000067       0x15 CMakeFiles/HAL_SoftWare.elf.dir/Core/Src/stm32f1xx_hal_msp.c.obj
 .debug_loc     0x0000007c       0xff CMakeFiles/HAL_SoftWare.elf.dir/Core/Src/system_stm32f1xx.c.obj
 .debug_loc     0x0000017b      0x141 CMakeFiles/HAL_SoftWare.elf.dir/Drivers/STM32F1xx_HAL_Driver/Src/stm32f1xx_hal.c.obj
 .debug_loc     0x000002bc      0x71f CMakeFiles/HAL_SoftWare.elf.dir/Drivers/STM32F1xx_HAL_Driver/Src/stm32f1xx_hal_cortex.c.obj
 .debug_loc     0x000009db      0x47d CMakeFiles/HAL_SoftWare.elf.dir/Drivers/STM32F1xx_HAL_Driver/Src/stm32f1xx_hal_gpio.c.obj
 .debug_loc     0x00000e58     0x41ca CMakeFiles/HAL_SoftWare.elf.dir/Drivers/STM32F1xx_HAL_Driver/Src/stm32f1xx_hal_i2c.c.obj
 .debug_loc     0x00005022      0x618 CMakeFiles/HAL_SoftWare.elf.dir/Drivers/STM32F1xx_HAL_Driver/Src/stm32f1xx_hal_rcc.c.obj
