Archive member included to satisfy reference by file (symbol)

d:/gcc-arm-none-eabi-10.3-2021.10/bin/../lib/gcc/arm-none-eabi/10.3.1/thumb/v7-m/nofp\libgcc.a(_arm_muldf3.o)
                              CMakeFiles/HAL_SoftWare.elf.dir/User/Src/as5600.c.obj (__aeabi_dmul)
d:/gcc-arm-none-eabi-10.3-2021.10/bin/../lib/gcc/arm-none-eabi/10.3.1/thumb/v7-m/nofp\libgcc.a(_arm_mulsf3.o)
                              CMakeFiles/HAL_SoftWare.elf.dir/User/Src/current.c.obj (__aeabi_fmul)
d:/gcc-arm-none-eabi-10.3-2021.10/bin/../lib/gcc/arm-none-eabi/10.3.1/thumb/v7-m/nofp\libgcc.a(_arm_addsubdf3.o)
                              CMakeFiles/HAL_SoftWare.elf.dir/User/Src/foc.c.obj (__aeabi_dadd)
d:/gcc-arm-none-eabi-10.3-2021.10/bin/../lib/gcc/arm-none-eabi/10.3.1/thumb/v7-m/nofp\libgcc.a(_arm_truncdfsf2.o)
                              CMakeFiles/HAL_SoftWare.elf.dir/User/Src/as5600.c.obj (__aeabi_d2f)
d:/gcc-arm-none-eabi-10.3-2021.10/bin/../lib/gcc/arm-none-eabi/10.3.1/thumb/v7-m/nofp\libgcc.a(_arm_addsubsf3.o)
                              CMakeFiles/HAL_SoftWare.elf.dir/User/Src/as5600.c.obj (__aeabi_fsub)
d:/gcc-arm-none-eabi-10.3-2021.10/bin/../lib/gcc/arm-none-eabi/10.3.1/thumb/v7-m/nofp\libgcc.a(_arm_muldivsf3.o)
                              CMakeFiles/HAL_SoftWare.elf.dir/User/Src/foc.c.obj (__aeabi_fdiv)
d:/gcc-arm-none-eabi-10.3-2021.10/bin/../lib/gcc/arm-none-eabi/10.3.1/thumb/v7-m/nofp\libgcc.a(_arm_cmpsf2.o)
                              CMakeFiles/HAL_SoftWare.elf.dir/User/Src/as5600.c.obj (__aeabi_fcmpeq)
d:/gcc-arm-none-eabi-10.3-2021.10/bin/../lib/gcc/arm-none-eabi/10.3.1/thumb/v7-m/nofp\libgcc.a(_arm_fixunssfsi.o)
                              CMakeFiles/HAL_SoftWare.elf.dir/User/Src/foc.c.obj (__aeabi_f2uiz)
d:/gcc-arm-none-eabi-10.3-2021.10/bin/../lib/gcc/arm-none-eabi/10.3.1/../../../../arm-none-eabi/lib/thumb/v7-m/nofp\libc.a(lib_a-errno.o)
                              CMakeFiles/HAL_SoftWare.elf.dir/Core/Src/syscalls.c.obj (__errno)
d:/gcc-arm-none-eabi-10.3-2021.10/bin/../lib/gcc/arm-none-eabi/10.3.1/../../../../arm-none-eabi/lib/thumb/v7-m/nofp\libc.a(lib_a-exit.o)
                              d:/gcc-arm-none-eabi-10.3-2021.10/bin/../lib/gcc/arm-none-eabi/10.3.1/../../../../arm-none-eabi/lib/thumb/v7-m/nofp/crt0.o (exit)
d:/gcc-arm-none-eabi-10.3-2021.10/bin/../lib/gcc/arm-none-eabi/10.3.1/../../../../arm-none-eabi/lib/thumb/v7-m/nofp\libc.a(lib_a-impure.o)
                              d:/gcc-arm-none-eabi-10.3-2021.10/bin/../lib/gcc/arm-none-eabi/10.3.1/../../../../arm-none-eabi/lib/thumb/v7-m/nofp\libc.a(lib_a-exit.o) (_global_impure_ptr)
d:/gcc-arm-none-eabi-10.3-2021.10/bin/../lib/gcc/arm-none-eabi/10.3.1/../../../../arm-none-eabi/lib/thumb/v7-m/nofp\libc.a(lib_a-init.o)
                              d:/gcc-arm-none-eabi-10.3-2021.10/bin/../lib/gcc/arm-none-eabi/10.3.1/../../../../arm-none-eabi/lib/thumb/v7-m/nofp/crt0.o (__libc_init_array)
d:/gcc-arm-none-eabi-10.3-2021.10/bin/../lib/gcc/arm-none-eabi/10.3.1/../../../../arm-none-eabi/lib/thumb/v7-m/nofp\libc.a(lib_a-memset.o)
                              d:/gcc-arm-none-eabi-10.3-2021.10/bin/../lib/gcc/arm-none-eabi/10.3.1/../../../../arm-none-eabi/lib/thumb/v7-m/nofp/crt0.o (memset)
d:/gcc-arm-none-eabi-10.3-2021.10/bin/../lib/gcc/arm-none-eabi/10.3.1/../../../../arm-none-eabi/lib/thumb/v7-m/nofp\libc.a(lib_a-__call_atexit.o)
                              d:/gcc-arm-none-eabi-10.3-2021.10/bin/../lib/gcc/arm-none-eabi/10.3.1/../../../../arm-none-eabi/lib/thumb/v7-m/nofp\libc.a(lib_a-exit.o) (__call_exitprocs)
d:/gcc-arm-none-eabi-10.3-2021.10/bin/../lib/gcc/arm-none-eabi/10.3.1/../../../../arm-none-eabi/lib/thumb/v7-m/nofp\libc.a(lib_a-atexit.o)
                              d:/gcc-arm-none-eabi-10.3-2021.10/bin/../lib/gcc/arm-none-eabi/10.3.1/../../../../arm-none-eabi/lib/thumb/v7-m/nofp\libc.a(lib_a-__call_atexit.o) (atexit)
d:/gcc-arm-none-eabi-10.3-2021.10/bin/../lib/gcc/arm-none-eabi/10.3.1/../../../../arm-none-eabi/lib/thumb/v7-m/nofp\libc.a(lib_a-fini.o)
                              d:/gcc-arm-none-eabi-10.3-2021.10/bin/../lib/gcc/arm-none-eabi/10.3.1/../../../../arm-none-eabi/lib/thumb/v7-m/nofp\libc.a(lib_a-__call_atexit.o) (__libc_fini_array)
d:/gcc-arm-none-eabi-10.3-2021.10/bin/../lib/gcc/arm-none-eabi/10.3.1/../../../../arm-none-eabi/lib/thumb/v7-m/nofp\libc.a(lib_a-lock.o)
                              d:/gcc-arm-none-eabi-10.3-2021.10/bin/../lib/gcc/arm-none-eabi/10.3.1/../../../../arm-none-eabi/lib/thumb/v7-m/nofp\libc.a(lib_a-__call_atexit.o) (__retarget_lock_acquire_recursive)
d:/gcc-arm-none-eabi-10.3-2021.10/bin/../lib/gcc/arm-none-eabi/10.3.1/../../../../arm-none-eabi/lib/thumb/v7-m/nofp\libc.a(lib_a-__atexit.o)
                              d:/gcc-arm-none-eabi-10.3-2021.10/bin/../lib/gcc/arm-none-eabi/10.3.1/../../../../arm-none-eabi/lib/thumb/v7-m/nofp\libc.a(lib_a-atexit.o) (__register_exitproc)
[...]
Memory Configuration

Name             Origin             Length             Attributes
RAM              0x20000000         0x00005000         xrw
FLASH            0x08000000         0x00010000         xr
*default*        0x00000000         0xffffffff

Linker script and memory map

LOAD d:/gcc-arm-none-eabi-10.3-2021.10/bin/../lib/gcc/arm-none-eabi/10.3.1/thumb/v7-m/nofp/crti.o
LOAD d:/gcc-arm-none-eabi-10.3-2021.10/bin/../lib/gcc/arm-none-eabi/10.3.1/thumb/v7-m/nofp/crtbegin.o
LOAD d:/gcc-arm-none-eabi-10.3-2021.10/bin/../lib/gcc/arm-none-eabi/10.3.1/../../../../arm-none-eabi/lib/thumb/v7-m/nofp/crt0.o
LOAD CMakeFiles/HAL_SoftWare.elf.dir/Core/Src/adc.c.obj
LOAD CMakeFiles/HAL_SoftWare.elf.dir/Core/Src/dma.c.obj
LOAD CMakeFiles/HAL_SoftWare.elf.dir/Core/Src/gpio.c.obj
LOAD CMakeFiles/HAL_SoftWare.elf.dir/Core/Src/i2c.c.obj
LOAD CMakeFiles/HAL_SoftWare.elf.dir/Core/Src/main.c.obj
LOAD CMakeFiles/HAL_SoftWare.elf.dir/Core/Src/stm32f1xx_hal_msp.c.obj
LOAD CMakeFiles/HAL_SoftWare.elf.dir/Core/Src/stm32f1xx_it.c.obj
LOAD CMakeFiles/HAL_SoftWare.elf.dir/Core/Src/syscalls.c.obj
LOAD CMakeFiles/HAL_SoftWare.elf.dir/Core/Src/sysmem.c.obj
LOAD CMakeFiles/HAL_SoftWare.elf.dir/Core/Src/system_stm32f1xx.c.obj
LOAD CMakeFiles/HAL_SoftWare.elf.dir/Core/Src/tim.c.obj
LOAD CMakeFiles/HAL_SoftWare.elf.dir/Core/Startup/startup_stm32f103c8tx.s.obj
LOAD CMakeFiles/HAL_SoftWare.elf.dir/Drivers/STM32F1xx_HAL_Driver/Src/stm32f1xx_hal.c.obj
LOAD CMakeFiles/HAL_SoftWare.elf.dir/Drivers/STM32F1xx_HAL_Driver/Src/stm32f1xx_hal_adc.c.obj
LOAD CMakeFiles/HAL_SoftWare.elf.dir/Drivers/STM32F1xx_HAL_Driver/Src/stm32f1xx_hal_adc_ex.c.obj
LOAD CMakeFiles/HAL_SoftWare.elf.dir/Drivers/STM32F1xx_HAL_Driver/Src/stm32f1xx_hal_cortex.c.obj
LOAD CMakeFiles/HAL_SoftWare.elf.dir/Drivers/STM32F1xx_HAL_Driver/Src/stm32f1xx_hal_dma.c.obj
LOAD CMakeFiles/HAL_SoftWare.elf.dir/Drivers/STM32F1xx_HAL_Driver/Src/stm32f1xx_hal_exti.c.obj
LOAD CMakeFiles/HAL_SoftWare.elf.dir/Drivers/STM32F1xx_HAL_Driver/Src/stm32f1xx_hal_flash.c.obj
LOAD CMakeFiles/HAL_SoftWare.elf.dir/Drivers/STM32F1xx_HAL_Driver/Src/stm32f1xx_hal_flash_ex.c.obj
LOAD CMakeFiles/HAL_SoftWare.elf.dir/Drivers/STM32F1xx_HAL_Driver/Src/stm32f1xx_hal_gpio.c.obj
LOAD CMakeFiles/HAL_SoftWare.elf.dir/Drivers/STM32F1xx_HAL_Driver/Src/stm32f1xx_hal_gpio_ex.c.obj
LOAD CMakeFiles/HAL_SoftWare.elf.dir/Drivers/STM32F1xx_HAL_Driver/Src/stm32f1xx_hal_i2c.c.obj
LOAD CMakeFiles/HAL_SoftWare.elf.dir/Drivers/STM32F1xx_HAL_Driver/Src/stm32f1xx_hal_pwr.c.obj
LOAD CMakeFiles/HAL_SoftWare.elf.dir/Drivers/STM32F1xx_HAL_Driver/Src/stm32f1xx_hal_rcc.c.obj
LOAD CMakeFiles/HAL_SoftWare.elf.dir/Drivers/STM32F1xx_HAL_Driver/Src/stm32f1xx_hal_rcc_ex.c.obj
LOAD CMakeFiles/HAL_SoftWare.elf.dir/Drivers/STM32F1xx_HAL_Driver/Src/stm32f1xx_hal_tim.c.obj
LOAD CMakeFiles/HAL_SoftWare.elf.dir/Drivers/STM32F1xx_HAL_Driver/Src/stm32f1xx_hal_tim_ex.c.obj
LOAD CMakeFiles/HAL_SoftWare.elf.dir/User/Src/as5600.c.obj
LOAD CMakeFiles/HAL_SoftWare.elf.dir/User/Src/closed_loop.c.obj
LOAD CMakeFiles/HAL_SoftWare.elf.dir/User/Src/current.c.obj
LOAD CMakeFiles/HAL_SoftWare.elf.dir/User/Src/dwt.c.obj
LOAD CMakeFiles/HAL_SoftWare.elf.dir/User/Src/foc.c.obj
LOAD CMakeFiles/HAL_SoftWare.elf.dir/User/Src/motor.c.obj
LOAD CMakeFiles/HAL_SoftWare.elf.dir/User/Src/pid.c.obj
START GROUP
LOAD d:/gcc-arm-none-eabi-10.3-2021.10/bin/../lib/gcc/arm-none-eabi/10.3.1/thumb/v7-m/nofp\libgcc.a
LOAD d:/gcc-arm-none-eabi-10.3-2021.10/bin/../lib/gcc/arm-none-eabi/10.3.1/../../../../arm-none-eabi/lib/thumb/v7-m/nofp\libc.a
END GROUP
LOAD d:/gcc-arm-none-eabi-10.3-2021.10/bin/../lib/gcc/arm-none-eabi/10.3.1/thumb/v7-m/nofp/crtend.o
LOAD d:/gcc-arm-none-eabi-10.3-2021.10/bin/../lib/gcc/arm-none-eabi/10.3.1/thumb/v7-m/nofp/crtn.o
                0x20005000                _estack = (ORIGIN (RAM) + LENGTH (RAM))
                0x00000200                _Min_Heap_Size = 0x200
                0x00000400                _Min_Stack_Size = 0x400

.isr_vector     0x08000000      0x10c
                0x08000000                . = ALIGN (0x4)
 *(.isr_vector)
 .isr_vector    0x08000000      0x10c CMakeFiles/HAL_SoftWare.elf.dir/Core/Startup/startup_stm32f103c8tx.s.obj
                0x08000000                g_pfnVectors
                0x0800010c                . = ALIGN (0x4)

.text           0x08000110     0x5ea4
                0x08000110                . = ALIGN (0x4)
 *(.text)
 .text          0x08000110       0x40 d:/gcc-arm-none-eabi-10.3-2021.10/bin/../lib/gcc/arm-none-eabi/10.3.1/thumb/v7-m/nofp/crtbegin.o
 .text          0x08000150      0x378 d:/gcc-arm-none-eabi-10.3-2021.10/bin/../lib/gcc/arm-none-eabi/10.3.1/thumb/v7-m/nofp\libgcc.a(_arm_addsubdf3.o)
                0x08000150                __aeabi_drsub
                0x08000158                __aeabi_dsub
                0x08000158                __subdf3
                0x0800015c                __aeabi_dadd
                0x0800015c                __adddf3
                0x080003d4                __floatunsidf
                0x080003d4                __aeabi_ui2d
                0x080003f4                __floatsidf
                0x080003f4                __aeabi_i2d
                0x08000418                __aeabi_f2d
                0x08000418                __extendsfdf2
                0x0800045c                __floatundidf
                0x0800045c                __aeabi_ul2d
                0x0800046c                __floatdidf
                0x0800046c                __aeabi_l2d
 .text          0x080004c8       0xa0 d:/gcc-arm-none-eabi-10.3-2021.10/bin/../lib/gcc/arm-none-eabi/10.3.1/thumb/v7-m/nofp\libgcc.a(_arm_truncdfsf2.o)
                0x080004c8                __truncdfsf2
                0x080004c8                __aeabi_d2f
 .text          0x08000568      0x21c d:/gcc-arm-none-eabi-10.3-2021.10/bin/../lib/gcc/arm-none-eabi/10.3.1/thumb/v7-m/nofp\libgcc.a(_arm_addsubsf3.o)
                0x08000568                __aeabi_frsub
                0x08000570                __subsf3
                0x08000570                __aeabi_fsub
                0x08000574                __aeabi_fadd
                0x08000574                __addsf3
                0x080006d4                __aeabi_ui2f
                0x080006d4                __floatunsisf
                0x080006dc                __aeabi_i2f
                0x080006dc                __floatsisf
                0x080006f8                __aeabi_ul2f
                0x080006f8                __floatundisf
                0x08000708                __aeabi_l2f
                0x08000708                __floatdisf
 .text          0x08000784      0x2a0 d:/gcc-arm-none-eabi-10.3-2021.10/bin/../lib/gcc/arm-none-eabi/10.3.1/thumb/v7-m/nofp\libgcc.a(_arm_muldivsf3.o)
                0x08000784                __mulsf3
                0x08000784                __aeabi_fmul
                0x080008ec                __aeabi_fdiv
                0x080008ec                __divsf3
 .text          0x08000a24       0xec d:/gcc-arm-none-eabi-10.3-2021.10/bin/../lib/gcc/arm-none-eabi/10.3.1/thumb/v7-m/nofp\libgcc.a(_arm_cmpsf2.o)
                0x08000a24                __gesf2
                0x08000a24                __gtsf2
                0x08000a2c                __lesf2
                0x08000a2c                __ltsf2
                0x08000a34                __nesf2
                0x08000a34                __eqsf2
                0x08000a34                __cmpsf2
                0x08000a94                __aeabi_cfrcmple
                0x08000a9c                __aeabi_cfcmpeq
                0x08000a9c                __aeabi_cfcmple
                0x08000aac                __aeabi_fcmpeq
                0x08000ac0                __aeabi_fcmplt
                0x08000ad4                __aeabi_fcmple
                0x08000ae8                __aeabi_fcmpge
                0x08000afc                __aeabi_fcmpgt
 .text          0x08000b10       0x40 d:/gcc-arm-none-eabi-10.3-2021.10/bin/../lib/gcc/arm-none-eabi/10.3.1/thumb/v7-m/nofp\libgcc.a(_arm_fixunssfsi.o)
                0x08000b10                __fixunssfsi
                0x08000b10                __aeabi_f2uiz
 .text          0x08000b50      0x424 d:/gcc-arm-none-eabi-10.3-2021.10/bin/../lib/gcc/arm-none-eabi/10.3.1/thumb/v7-m/nofp\libgcc.a(_arm_muldivdf3.o)
                0x08000b50                __aeabi_dmul
                0x08000b50                __muldf3
                0x08000da4                __divdf3
                0x08000da4                __aeabi_ddiv
 .text          0x08000f74      0x110 d:/gcc-arm-none-eabi-10.3-2021.10/bin/../lib/gcc/arm-none-eabi/10.3.1/thumb/v7-m/nofp\libgcc.a(_arm_cmpdf2.o)
                0x08000f74                __gtdf2
                0x08000f74                __gedf2
                0x08000f7c                __ltdf2
                0x08000f7c                __ledf2
                0x08000f84                __nedf2
                0x08000f84                __eqdf2
                0x08000f84                __cmpdf2
                0x08001000                __aeabi_cdrcmple
                0x08001010                __aeabi_cdcmpeq
                0x08001010                __aeabi_cdcmple
                0x08001020                __aeabi_dcmpeq
                0x08001034                __aeabi_dcmplt
                0x08001048                __aeabi_dcmple
                0x0800105c                __aeabi_dcmpge
                0x08001070                __aeabi_dcmpgt
 .text          0x08001084       0x2c d:/gcc-arm-none-eabi-10.3-2021.10/bin/../lib/gcc/arm-none-eabi/10.3.1/thumb/v7-m/nofp\libgcc.a(_arm_unorddf2.o)
                0x08001084                __unorddf2
                0x08001084                __aeabi_dcmpun
 .text          0x080010b0       0x50 d:/gcc-arm-none-eabi-10.3-2021.10/bin/../lib/gcc/arm-none-eabi/10.3.1/thumb/v7-m/nofp\libgcc.a(_arm_fixdfsi.o)
                0x080010b0                __aeabi_d2iz
                0x080010b0                __fixdfsi
 *(.text*)
 .text.MX_ADC1_Init
                0x08001100       0x90 CMakeFiles/HAL_SoftWare.elf.dir/Core/Src/adc.c.obj
                0x08001100                MX_ADC1_Init
 .text.HAL_ADC_MspInit
                0x08001190       0x9c CMakeFiles/HAL_SoftWare.elf.dir/Core/Src/adc.c.obj
                0x08001190                HAL_ADC_MspInit
 .text.MX_DMA_Init
                0x0800122c       0x34 CMakeFiles/HAL_SoftWare.elf.dir/Core/Src/dma.c.obj
                0x0800122c                MX_DMA_Init
 .text.MX_GPIO_Init
                0x08001260       0xb4 CMakeFiles/HAL_SoftWare.elf.dir/Core/Src/gpio.c.obj
                0x08001260                MX_GPIO_Init
 .text.MX_I2C1_Init
                0x08001314       0x3c CMakeFiles/HAL_SoftWare.elf.dir/Core/Src/i2c.c.obj
                0x08001314                MX_I2C1_Init
 .text.HAL_I2C_MspInit
                0x08001350       0x64 CMakeFiles/HAL_SoftWare.elf.dir/Core/Src/i2c.c.obj
                0x08001350                HAL_I2C_MspInit
 .text.Error_Handler
                0x080013b4        0x4 CMakeFiles/HAL_SoftWare.elf.dir/Core/Src/main.c.obj
                0x080013b4                Error_Handler
 .text.SystemClock_Config
                0x080013b8       0x84 CMakeFiles/HAL_SoftWare.elf.dir/Core/Src/main.c.obj
                0x080013b8                SystemClock_Config
 .text.main     0x0800143c       0x58 CMakeFiles/HAL_SoftWare.elf.dir/Core/Src/main.c.obj
                0x0800143c                main
 .text.HAL_MspInit
                0x08001494       0x44 CMakeFiles/HAL_SoftWare.elf.dir/Core/Src/stm32f1xx_hal_msp.c.obj
                0x08001494                HAL_MspInit
 .text.NMI_Handler
                0x080014d8        0x2 CMakeFiles/HAL_SoftWare.elf.dir/Core/Src/stm32f1xx_it.c.obj
                0x080014d8                NMI_Handler
 .text.HardFault_Handler
                0x080014da        0x2 CMakeFiles/HAL_SoftWare.elf.dir/Core/Src/stm32f1xx_it.c.obj
                0x080014da                HardFault_Handler
 .text.MemManage_Handler
                0x080014dc        0x2 CMakeFiles/HAL_SoftWare.elf.dir/Core/Src/stm32f1xx_it.c.obj
                0x080014dc                MemManage_Handler
 .text.BusFault_Handler
                0x080014de        0x2 CMakeFiles/HAL_SoftWare.elf.dir/Core/Src/stm32f1xx_it.c.obj
                0x080014de                BusFault_Handler
 .text.UsageFault_Handler
                0x080014e0        0x2 CMakeFiles/HAL_SoftWare.elf.dir/Core/Src/stm32f1xx_it.c.obj
                0x080014e0                UsageFault_Handler
 .text.SVC_Handler
                0x080014e2        0x2 CMakeFiles/HAL_SoftWare.elf.dir/Core/Src/stm32f1xx_it.c.obj
                0x080014e2                SVC_Handler
 .text.DebugMon_Handler
                0x080014e4        0x2 CMakeFiles/HAL_SoftWare.elf.dir/Core/Src/stm32f1xx_it.c.obj
                0x080014e4                DebugMon_Handler
 .text.PendSV_Handler
                0x080014e6        0x2 CMakeFiles/HAL_SoftWare.elf.dir/Core/Src/stm32f1xx_it.c.obj
                0x080014e6                PendSV_Handler
 .text.SysTick_Handler
                0x080014e8        0x8 CMakeFiles/HAL_SoftWare.elf.dir/Core/Src/stm32f1xx_it.c.obj
                0x080014e8                SysTick_Handler
 .text.DMA1_Channel1_IRQHandler
                0x080014f0       0x10 CMakeFiles/HAL_SoftWare.elf.dir/Core/Src/stm32f1xx_it.c.obj
                0x080014f0                DMA1_Channel1_IRQHandler
 .text.TIM1_UP_IRQHandler
                0x08001500       0x18 CMakeFiles/HAL_SoftWare.elf.dir/Core/Src/stm32f1xx_it.c.obj
                0x08001500                TIM1_UP_IRQHandler
 .text.HAL_TIM_PeriodElapsedCallback
                0x08001518       0x30 CMakeFiles/HAL_SoftWare.elf.dir/Core/Src/stm32f1xx_it.c.obj
                0x08001518                HAL_TIM_PeriodElapsedCallback
 .text.SystemInit
                0x08001548        0x2 CMakeFiles/HAL_SoftWare.elf.dir/Core/Src/system_stm32f1xx.c.obj
                0x08001548                SystemInit
 *fill*         0x0800154a        0x2 
 .text.MX_TIM1_Init
                0x0800154c       0x78 CMakeFiles/HAL_SoftWare.elf.dir/Core/Src/tim.c.obj
                0x0800154c                MX_TIM1_Init
 .text.HAL_TIM_Base_MspInit
                0x080015c4       0x40 CMakeFiles/HAL_SoftWare.elf.dir/Core/Src/tim.c.obj
                0x080015c4                HAL_TIM_Base_MspInit
 .text.HAL_TIM_PWM_MspInit
                0x08001604       0x26 CMakeFiles/HAL_SoftWare.elf.dir/Core/Src/tim.c.obj
                0x08001604                HAL_TIM_PWM_MspInit
 *fill*         0x0800162a        0x2 
 .text.HAL_TIM_MspPostInit
                0x0800162c       0x88 CMakeFiles/HAL_SoftWare.elf.dir/Core/Src/tim.c.obj
                0x0800162c                HAL_TIM_MspPostInit
 .text.MX_TIM2_Init
                0x080016b4       0xa8 CMakeFiles/HAL_SoftWare.elf.dir/Core/Src/tim.c.obj
                0x080016b4                MX_TIM2_Init
 .text.PWM_START
                0x0800175c       0x24 CMakeFiles/HAL_SoftWare.elf.dir/Core/Src/tim.c.obj
                0x0800175c                PWM_START
 .text.PWM_SET  0x08001780       0x10 CMakeFiles/HAL_SoftWare.elf.dir/Core/Src/tim.c.obj
                0x08001780                PWM_SET
 .text.Reset_Handler
                0x08001790       0x48 CMakeFiles/HAL_SoftWare.elf.dir/Core/Startup/startup_stm32f103c8tx.s.obj
                0x08001790                Reset_Handler
 .text.Default_Handler
                0x080017d8        0x2 CMakeFiles/HAL_SoftWare.elf.dir/Core/Startup/startup_stm32f103c8tx.s.obj
                0x080017d8                RTC_Alarm_IRQHandler
                0x080017d8                EXTI2_IRQHandler
                0x080017d8                TIM1_CC_IRQHandler
                0x080017d8                PVD_IRQHandler
                0x080017d8                EXTI3_IRQHandler
                0x080017d8                EXTI0_IRQHandler
                0x080017d8                I2C2_EV_IRQHandler
                0x080017d8                ADC1_2_IRQHandler
                0x080017d8                SPI1_IRQHandler
                0x080017d8                TAMPER_IRQHandler
                0x080017d8                DMA1_Channel4_IRQHandler
                0x080017d8                USART3_IRQHandler
                0x080017d8                RTC_IRQHandler
                0x080017d8                DMA1_Channel7_IRQHandler
                0x080017d8                CAN1_RX1_IRQHandler
                0x080017d8                TIM4_IRQHandler
                0x080017d8                I2C1_EV_IRQHandler
                0x080017d8                DMA1_Channel6_IRQHandler
                0x080017d8                TIM3_IRQHandler
                0x080017d8                RCC_IRQHandler
                0x080017d8                TIM1_TRG_COM_IRQHandler
                0x080017d8                Default_Handler
                0x080017d8                EXTI15_10_IRQHandler
                0x080017d8                EXTI9_5_IRQHandler
                0x080017d8                SPI2_IRQHandler
                0x080017d8                DMA1_Channel5_IRQHandler
                0x080017d8                EXTI4_IRQHandler
                0x080017d8                USB_LP_CAN1_RX0_IRQHandler
                0x080017d8                USB_HP_CAN1_TX_IRQHandler
                0x080017d8                DMA1_Channel3_IRQHandler
                0x080017d8                WWDG_IRQHandler
                0x080017d8                TIM2_IRQHandler
                0x080017d8                TIM1_BRK_IRQHandler
                0x080017d8                EXTI1_IRQHandler
                0x080017d8                USART2_IRQHandler
                0x080017d8                I2C2_ER_IRQHandler
                0x080017d8                DMA1_Channel2_IRQHandler
                0x080017d8                CAN1_SCE_IRQHandler
                0x080017d8                FLASH_IRQHandler
                0x080017d8                USART1_IRQHandler
                0x080017d8                I2C1_ER_IRQHandler
                0x080017d8                USBWakeUp_IRQHandler
 *fill*         0x080017da        0x2 
 .text.HAL_InitTick
                0x080017dc       0x4c CMakeFiles/HAL_SoftWare.elf.dir/Drivers/STM32F1xx_HAL_Driver/Src/stm32f1xx_hal.c.obj
                0x080017dc                HAL_InitTick
 .text.HAL_Init
                0x08001828       0x24 CMakeFiles/HAL_SoftWare.elf.dir/Drivers/STM32F1xx_HAL_Driver/Src/stm32f1xx_hal.c.obj
                0x08001828                HAL_Init
 .text.HAL_IncTick
                0x0800184c       0x18 CMakeFiles/HAL_SoftWare.elf.dir/Drivers/STM32F1xx_HAL_Driver/Src/stm32f1xx_hal.c.obj
                0x0800184c                HAL_IncTick
 .text.HAL_GetTick
                0x08001864        0xc CMakeFiles/HAL_SoftWare.elf.dir/Drivers/STM32F1xx_HAL_Driver/Src/stm32f1xx_hal.c.obj
                0x08001864                HAL_GetTick
 .text.HAL_Delay
                0x08001870       0x28 CMakeFiles/HAL_SoftWare.elf.dir/Drivers/STM32F1xx_HAL_Driver/Src/stm32f1xx_hal.c.obj
                0x08001870                HAL_Delay
 .text.HAL_ADC_ConvCpltCallback
                0x08001898        0x2 CMakeFiles/HAL_SoftWare.elf.dir/Drivers/STM32F1xx_HAL_Driver/Src/stm32f1xx_hal_adc.c.obj
                0x08001898                HAL_ADC_ConvCpltCallback
 .text.ADC_DMAConvCplt
                0x0800189a       0x52 CMakeFiles/HAL_SoftWare.elf.dir/Drivers/STM32F1xx_HAL_Driver/Src/stm32f1xx_hal_adc.c.obj
                0x0800189a                ADC_DMAConvCplt
 .text.HAL_ADC_ConvHalfCpltCallback
                0x080018ec        0x2 CMakeFiles/HAL_SoftWare.elf.dir/Drivers/STM32F1xx_HAL_Driver/Src/stm32f1xx_hal_adc.c.obj
                0x080018ec                HAL_ADC_ConvHalfCpltCallback
 .text.ADC_DMAHalfConvCplt
                0x080018ee        0xa CMakeFiles/HAL_SoftWare.elf.dir/Drivers/STM32F1xx_HAL_Driver/Src/stm32f1xx_hal_adc.c.obj
                0x080018ee                ADC_DMAHalfConvCplt
 .text.HAL_ADC_ErrorCallback
                0x080018f8        0x2 CMakeFiles/HAL_SoftWare.elf.dir/Drivers/STM32F1xx_HAL_Driver/Src/stm32f1xx_hal_adc.c.obj
                0x080018f8                HAL_ADC_ErrorCallback
 .text.ADC_DMAError
                0x080018fa       0x1a CMakeFiles/HAL_SoftWare.elf.dir/Drivers/STM32F1xx_HAL_Driver/Src/stm32f1xx_hal_adc.c.obj
                0x080018fa                ADC_DMAError
 .text.HAL_ADC_ConfigChannel
                0x08001914      0x144 CMakeFiles/HAL_SoftWare.elf.dir/Drivers/STM32F1xx_HAL_Driver/Src/stm32f1xx_hal_adc.c.obj
                0x08001914                HAL_ADC_ConfigChannel
 .text.ADC_Enable
                0x08001a58       0x88 CMakeFiles/HAL_SoftWare.elf.dir/Drivers/STM32F1xx_HAL_Driver/Src/stm32f1xx_hal_adc.c.obj
                0x08001a58                ADC_Enable
 .text.HAL_ADC_Start_DMA
                0x08001ae0      0x130 CMakeFiles/HAL_SoftWare.elf.dir/Drivers/STM32F1xx_HAL_Driver/Src/stm32f1xx_hal_adc.c.obj
                0x08001ae0                HAL_ADC_Start_DMA
 .text.ADC_ConversionStop_Disable
                0x08001c10       0x56 CMakeFiles/HAL_SoftWare.elf.dir/Drivers/STM32F1xx_HAL_Driver/Src/stm32f1xx_hal_adc.c.obj
                0x08001c10                ADC_ConversionStop_Disable
 *fill*         0x08001c66        0x2 
 .text.HAL_ADC_Init
                0x08001c68      0x108 CMakeFiles/HAL_SoftWare.elf.dir/Drivers/STM32F1xx_HAL_Driver/Src/stm32f1xx_hal_adc.c.obj
                0x08001c68                HAL_ADC_Init
 .text.HAL_ADCEx_Calibration_Start
                0x08001d70      0x100 CMakeFiles/HAL_SoftWare.elf.dir/Drivers/STM32F1xx_HAL_Driver/Src/stm32f1xx_hal_adc_ex.c.obj
                0x08001d70                HAL_ADCEx_Calibration_Start
 .text.HAL_NVIC_SetPriorityGrouping
                0x08001e70       0x24 CMakeFiles/HAL_SoftWare.elf.dir/Drivers/STM32F1xx_HAL_Driver/Src/stm32f1xx_hal_cortex.c.obj
                0x08001e70                HAL_NVIC_SetPriorityGrouping
 .text.HAL_NVIC_SetPriority
                0x08001e94       0x70 CMakeFiles/HAL_SoftWare.elf.dir/Drivers/STM32F1xx_HAL_Driver/Src/stm32f1xx_hal_cortex.c.obj
                0x08001e94                HAL_NVIC_SetPriority
 .text.HAL_NVIC_EnableIRQ
                0x08001f04       0x1c CMakeFiles/HAL_SoftWare.elf.dir/Drivers/STM32F1xx_HAL_Driver/Src/stm32f1xx_hal_cortex.c.obj
                0x08001f04                HAL_NVIC_EnableIRQ
 .text.HAL_SYSTICK_Config
                0x08001f20       0x28 CMakeFiles/HAL_SoftWare.elf.dir/Drivers/STM32F1xx_HAL_Driver/Src/stm32f1xx_hal_cortex.c.obj
                0x08001f20                HAL_SYSTICK_Config
 .text.DMA_SetConfig
                0x08001f48       0x2c CMakeFiles/HAL_SoftWare.elf.dir/Drivers/STM32F1xx_HAL_Driver/Src/stm32f1xx_hal_dma.c.obj
 .text.HAL_DMA_Init
                0x08001f74       0x6c CMakeFiles/HAL_SoftWare.elf.dir/Drivers/STM32F1xx_HAL_Driver/Src/stm32f1xx_hal_dma.c.obj
                0x08001f74                HAL_DMA_Init
 .text.HAL_DMA_Start_IT
                0x08001fe0       0x76 CMakeFiles/HAL_SoftWare.elf.dir/Drivers/STM32F1xx_HAL_Driver/Src/stm32f1xx_hal_dma.c.obj
                0x08001fe0                HAL_DMA_Start_IT
 *fill*         0x08002056        0x2 
 .text.HAL_DMA_IRQHandler
                0x08002058      0x144 CMakeFiles/HAL_SoftWare.elf.dir/Drivers/STM32F1xx_HAL_Driver/Src/stm32f1xx_hal_dma.c.obj
                0x08002058                HAL_DMA_IRQHandler
 .text.HAL_GPIO_Init
                0x0800219c      0x224 CMakeFiles/HAL_SoftWare.elf.dir/Drivers/STM32F1xx_HAL_Driver/Src/stm32f1xx_hal_gpio.c.obj
                0x0800219c                HAL_GPIO_Init
 .text.HAL_GPIO_WritePin
                0x080023c0        0xc CMakeFiles/HAL_SoftWare.elf.dir/Drivers/STM32F1xx_HAL_Driver/Src/stm32f1xx_hal_gpio.c.obj
                0x080023c0                HAL_GPIO_WritePin
 .text.HAL_GPIO_TogglePin
                0x080023cc       0x12 CMakeFiles/HAL_SoftWare.elf.dir/Drivers/STM32F1xx_HAL_Driver/Src/stm32f1xx_hal_gpio.c.obj
                0x080023cc                HAL_GPIO_TogglePin
 .text.I2C_IsAcknowledgeFailed
                0x080023de       0x32 CMakeFiles/HAL_SoftWare.elf.dir/Drivers/STM32F1xx_HAL_Driver/Src/stm32f1xx_hal_i2c.c.obj
 .text.I2C_WaitOnFlagUntilTimeout
                0x08002410       0xaa CMakeFiles/HAL_SoftWare.elf.dir/Drivers/STM32F1xx_HAL_Driver/Src/stm32f1xx_hal_i2c.c.obj
 .text.I2C_WaitOnMasterAddressFlagUntilTimeout
                0x080024ba       0xd6 CMakeFiles/HAL_SoftWare.elf.dir/Drivers/STM32F1xx_HAL_Driver/Src/stm32f1xx_hal_i2c.c.obj
 .text.I2C_MasterRequestWrite
                0x08002590       0xb4 CMakeFiles/HAL_SoftWare.elf.dir/Drivers/STM32F1xx_HAL_Driver/Src/stm32f1xx_hal_i2c.c.obj
 .text.I2C_MasterRequestRead
                0x08002644      0x120 CMakeFiles/HAL_SoftWare.elf.dir/Drivers/STM32F1xx_HAL_Driver/Src/stm32f1xx_hal_i2c.c.obj
 .text.I2C_WaitOnTXEFlagUntilTimeout
                0x08002764       0x5e CMakeFiles/HAL_SoftWare.elf.dir/Drivers/STM32F1xx_HAL_Driver/Src/stm32f1xx_hal_i2c.c.obj
 .text.I2C_WaitOnBTFFlagUntilTimeout
                0x080027c2       0x5e CMakeFiles/HAL_SoftWare.elf.dir/Drivers/STM32F1xx_HAL_Driver/Src/stm32f1xx_hal_i2c.c.obj
 .text.I2C_WaitOnRXNEFlagUntilTimeout
                0x08002820       0x78 CMakeFiles/HAL_SoftWare.elf.dir/Drivers/STM32F1xx_HAL_Driver/Src/stm32f1xx_hal_i2c.c.obj
 .text.HAL_I2C_Init
                0x08002898      0x1bc CMakeFiles/HAL_SoftWare.elf.dir/Drivers/STM32F1xx_HAL_Driver/Src/stm32f1xx_hal_i2c.c.obj
                0x08002898                HAL_I2C_Init
 .text.HAL_I2C_Master_Transmit
                0x08002a54      0x178 CMakeFiles/HAL_SoftWare.elf.dir/Drivers/STM32F1xx_HAL_Driver/Src/stm32f1xx_hal_i2c.c.obj
                0x08002a54                HAL_I2C_Master_Transmit
 .text.HAL_I2C_Master_Receive
                0x08002bcc      0x358 CMakeFiles/HAL_SoftWare.elf.dir/Drivers/STM32F1xx_HAL_Driver/Src/stm32f1xx_hal_i2c.c.obj
                0x08002bcc                HAL_I2C_Master_Receive
 .text.RCC_Delay
                0x08002f24       0x2c CMakeFiles/HAL_SoftWare.elf.dir/Drivers/STM32F1xx_HAL_Driver/Src/stm32f1xx_hal_rcc.c.obj
 .text.HAL_RCC_OscConfig
                0x08002f50      0x410 CMakeFiles/HAL_SoftWare.elf.dir/Drivers/STM32F1xx_HAL_Driver/Src/stm32f1xx_hal_rcc.c.obj
                0x08002f50                HAL_RCC_OscConfig
 .text.HAL_RCC_GetSysClockFreq
                0x08003360       0x54 CMakeFiles/HAL_SoftWare.elf.dir/Drivers/STM32F1xx_HAL_Driver/Src/stm32f1xx_hal_rcc.c.obj
                0x08003360                HAL_RCC_GetSysClockFreq
 .text.HAL_RCC_ClockConfig
                0x080033b4      0x16c CMakeFiles/HAL_SoftWare.elf.dir/Drivers/STM32F1xx_HAL_Driver/Src/stm32f1xx_hal_rcc.c.obj
                0x080033b4                HAL_RCC_ClockConfig
 .text.HAL_RCC_GetHCLKFreq
                0x08003520        0xc CMakeFiles/HAL_SoftWare.elf.dir/Drivers/STM32F1xx_HAL_Driver/Src/stm32f1xx_hal_rcc.c.obj
                0x08003520                HAL_RCC_GetHCLKFreq
 .text.HAL_RCC_GetPCLK1Freq
                0x0800352c       0x20 CMakeFiles/HAL_SoftWare.elf.dir/Drivers/STM32F1xx_HAL_Driver/Src/stm32f1xx_hal_rcc.c.obj
                0x0800352c                HAL_RCC_GetPCLK1Freq
 .text.HAL_RCC_GetPCLK2Freq
                0x0800354c       0x20 CMakeFiles/HAL_SoftWare.elf.dir/Drivers/STM32F1xx_HAL_Driver/Src/stm32f1xx_hal_rcc.c.obj
                0x0800354c                HAL_RCC_GetPCLK2Freq
 .text.HAL_RCCEx_PeriphCLKConfig
                0x0800356c      0x118 CMakeFiles/HAL_SoftWare.elf.dir/Drivers/STM32F1xx_HAL_Driver/Src/stm32f1xx_hal_rcc_ex.c.obj
                0x0800356c                HAL_RCCEx_PeriphCLKConfig
 .text.HAL_RCCEx_GetPeriphCLKFreq
                0x08003684       0xd8 CMakeFiles/HAL_SoftWare.elf.dir/Drivers/STM32F1xx_HAL_Driver/Src/stm32f1xx_hal_rcc_ex.c.obj
                0x08003684                HAL_RCCEx_GetPeriphCLKFreq
 .text.TIM_OC1_SetConfig
                0x0800375c       0x5c CMakeFiles/HAL_SoftWare.elf.dir/Drivers/STM32F1xx_HAL_Driver/Src/stm32f1xx_hal_tim.c.obj
 .text.TIM_OC3_SetConfig
                0x080037b8       0x64 CMakeFiles/HAL_SoftWare.elf.dir/Drivers/STM32F1xx_HAL_Driver/Src/stm32f1xx_hal_tim.c.obj
 .text.TIM_OC4_SetConfig
                0x0800381c       0x48 CMakeFiles/HAL_SoftWare.elf.dir/Drivers/STM32F1xx_HAL_Driver/Src/stm32f1xx_hal_tim.c.obj
 .text.TIM_TI1_ConfigInputStage
                0x08003864       0x24 CMakeFiles/HAL_SoftWare.elf.dir/Drivers/STM32F1xx_HAL_Driver/Src/stm32f1xx_hal_tim.c.obj
 .text.TIM_TI2_ConfigInputStage
                0x08003888       0x26 CMakeFiles/HAL_SoftWare.elf.dir/Drivers/STM32F1xx_HAL_Driver/Src/stm32f1xx_hal_tim.c.obj
 .text.TIM_ITRx_SetConfig
                0x080038ae       0x10 CMakeFiles/HAL_SoftWare.elf.dir/Drivers/STM32F1xx_HAL_Driver/Src/stm32f1xx_hal_tim.c.obj
 *fill*         0x080038be        0x2 
 .text.HAL_TIM_Base_Start_IT
                0x080038c0       0x68 CMakeFiles/HAL_SoftWare.elf.dir/Drivers/STM32F1xx_HAL_Driver/Src/stm32f1xx_hal_tim.c.obj
                0x080038c0                HAL_TIM_Base_Start_IT
 .text.HAL_TIM_Base_Stop_IT
                0x08003928       0x32 CMakeFiles/HAL_SoftWare.elf.dir/Drivers/STM32F1xx_HAL_Driver/Src/stm32f1xx_hal_tim.c.obj
                0x08003928                HAL_TIM_Base_Stop_IT
 .text.HAL_TIM_OC_DelayElapsedCallback
                0x0800395a        0x2 CMakeFiles/HAL_SoftWare.elf.dir/Drivers/STM32F1xx_HAL_Driver/Src/stm32f1xx_hal_tim.c.obj
                0x0800395a                HAL_TIM_OC_DelayElapsedCallback
 .text.HAL_TIM_IC_CaptureCallback
                0x0800395c        0x2 CMakeFiles/HAL_SoftWare.elf.dir/Drivers/STM32F1xx_HAL_Driver/Src/stm32f1xx_hal_tim.c.obj
                0x0800395c                HAL_TIM_IC_CaptureCallback
 .text.HAL_TIM_PWM_PulseFinishedCallback
                0x0800395e        0x2 CMakeFiles/HAL_SoftWare.elf.dir/Drivers/STM32F1xx_HAL_Driver/Src/stm32f1xx_hal_tim.c.obj
                0x0800395e                HAL_TIM_PWM_PulseFinishedCallback
 .text.HAL_TIM_TriggerCallback
                0x08003960        0x2 CMakeFiles/HAL_SoftWare.elf.dir/Drivers/STM32F1xx_HAL_Driver/Src/stm32f1xx_hal_tim.c.obj
                0x08003960                HAL_TIM_TriggerCallback
 .text.HAL_TIM_IRQHandler
                0x08003962      0x17a CMakeFiles/HAL_SoftWare.elf.dir/Drivers/STM32F1xx_HAL_Driver/Src/stm32f1xx_hal_tim.c.obj
                0x08003962                HAL_TIM_IRQHandler
 .text.TIM_Base_SetConfig
                0x08003adc       0x74 CMakeFiles/HAL_SoftWare.elf.dir/Drivers/STM32F1xx_HAL_Driver/Src/stm32f1xx_hal_tim.c.obj
                0x08003adc                TIM_Base_SetConfig
 .text.HAL_TIM_Base_Init
                0x08003b50       0x58 CMakeFiles/HAL_SoftWare.elf.dir/Drivers/STM32F1xx_HAL_Driver/Src/stm32f1xx_hal_tim.c.obj
                0x08003b50                HAL_TIM_Base_Init
 .text.HAL_TIM_PWM_Init
                0x08003ba8       0x58 CMakeFiles/HAL_SoftWare.elf.dir/Drivers/STM32F1xx_HAL_Driver/Src/stm32f1xx_hal_tim.c.obj
                0x08003ba8                HAL_TIM_PWM_Init
 .text.TIM_OC2_SetConfig
                0x08003c00       0x64 CMakeFiles/HAL_SoftWare.elf.dir/Drivers/STM32F1xx_HAL_Driver/Src/stm32f1xx_hal_tim.c.obj
                0x08003c00                TIM_OC2_SetConfig
 .text.HAL_TIM_PWM_ConfigChannel
                0x08003c64       0xdc CMakeFiles/HAL_SoftWare.elf.dir/Drivers/STM32F1xx_HAL_Driver/Src/stm32f1xx_hal_tim.c.obj
                0x08003c64                HAL_TIM_PWM_ConfigChannel
 .text.TIM_ETR_SetConfig
                0x08003d40       0x18 CMakeFiles/HAL_SoftWare.elf.dir/Drivers/STM32F1xx_HAL_Driver/Src/stm32f1xx_hal_tim.c.obj
                0x08003d40                TIM_ETR_SetConfig
 .text.HAL_TIM_ConfigClockSource
                0x08003d58       0xfe CMakeFiles/HAL_SoftWare.elf.dir/Drivers/STM32F1xx_HAL_Driver/Src/stm32f1xx_hal_tim.c.obj
                0x08003d58                HAL_TIM_ConfigClockSource
 .text.TIM_CCxChannelCmd
                0x08003e56       0x1e CMakeFiles/HAL_SoftWare.elf.dir/Drivers/STM32F1xx_HAL_Driver/Src/stm32f1xx_hal_tim.c.obj
                0x08003e56                TIM_CCxChannelCmd
 .text.HAL_TIM_PWM_Start
                0x08003e74       0xdc CMakeFiles/HAL_SoftWare.elf.dir/Drivers/STM32F1xx_HAL_Driver/Src/stm32f1xx_hal_tim.c.obj
                0x08003e74                HAL_TIM_PWM_Start
 .text.HAL_TIMEx_MasterConfigSynchronization
                0x08003f50       0x6c CMakeFiles/HAL_SoftWare.elf.dir/Drivers/STM32F1xx_HAL_Driver/Src/stm32f1xx_hal_tim_ex.c.obj
                0x08003f50                HAL_TIMEx_MasterConfigSynchronization
 .text.HAL_TIMEx_CommutCallback
                0x08003fbc        0x2 CMakeFiles/HAL_SoftWare.elf.dir/Drivers/STM32F1xx_HAL_Driver/Src/stm32f1xx_hal_tim_ex.c.obj
                0x08003fbc                HAL_TIMEx_CommutCallback
 .text.HAL_TIMEx_BreakCallback
                0x08003fbe        0x2 CMakeFiles/HAL_SoftWare.elf.dir/Drivers/STM32F1xx_HAL_Driver/Src/stm32f1xx_hal_tim_ex.c.obj
                0x08003fbe                HAL_TIMEx_BreakCallback
 .text.get_as5600angle
                0x08003fc0       0xcc CMakeFiles/HAL_SoftWare.elf.dir/User/Src/as5600.c.obj
                0x08003fc0                get_as5600angle
 *fill*         0x0800408c        0x4 
 .text.current_collection
                0x08004090       0x84 CMakeFiles/HAL_SoftWare.elf.dir/User/Src/current.c.obj
                0x08004090                current_collection
 .text.RevParkTransform
                0x08004114       0xac CMakeFiles/HAL_SoftWare.elf.dir/User/Src/foc.c.obj
                0x08004114                RevParkTransform
 .text.Svpwm    0x080041c0      0x49c CMakeFiles/HAL_SoftWare.elf.dir/User/Src/foc.c.obj
                0x080041c0                Svpwm
 .text.Motor_Enable
                0x0800465c       0x14 CMakeFiles/HAL_SoftWare.elf.dir/User/Src/motor.c.obj
                0x0800465c                Motor_Enable
 .text.Elangle_cal
                0x08004670       0x54 CMakeFiles/HAL_SoftWare.elf.dir/User/Src/motor.c.obj
                0x08004670                Elangle_cal
 .text.Motor_Angle_calibration
                0x080046c4       0x2a CMakeFiles/HAL_SoftWare.elf.dir/User/Src/motor.c.obj
                0x080046c4                Motor_Angle_calibration
 *fill*         0x080046ee        0x2 
 .text.Motor_Init
                0x080046f0       0x14 CMakeFiles/HAL_SoftWare.elf.dir/User/Src/motor.c.obj
                0x080046f0                Motor_Init
 .text.__errno  0x08004704        0xc d:/gcc-arm-none-eabi-10.3-2021.10/bin/../lib/gcc/arm-none-eabi/10.3.1/../../../../arm-none-eabi/lib/thumb/v7-m/nofp\libc.a(lib_a-errno.o)
                0x08004704                __errno
 .text.__libc_init_array
                0x08004710       0x48 d:/gcc-arm-none-eabi-10.3-2021.10/bin/../lib/gcc/arm-none-eabi/10.3.1/../../../../arm-none-eabi/lib/thumb/v7-m/nofp\libc.a(lib_a-init.o)
                0x08004710                __libc_init_array
 .text.memset   0x08004758       0xa4 d:/gcc-arm-none-eabi-10.3-2021.10/bin/../lib/gcc/arm-none-eabi/10.3.1/../../../../arm-none-eabi/lib/thumb/v7-m/nofp\libc.a(lib_a-memset.o)
                0x08004758                memset
 .text.startup.register_fini
                0x080047fc       0x14 d:/gcc-arm-none-eabi-10.3-2021.10/bin/../lib/gcc/arm-none-eabi/10.3.1/../../../../arm-none-eabi/lib/thumb/v7-m/nofp\libc.a(lib_a-__call_atexit.o)
 .text.atexit   0x08004810        0xc d:/gcc-arm-none-eabi-10.3-2021.10/bin/../lib/gcc/arm-none-eabi/10.3.1/../../../../arm-none-eabi/lib/thumb/v7-m/nofp\libc.a(lib_a-atexit.o)
                0x08004810                atexit
 .text.__libc_fini_array
                0x0800481c       0x2c d:/gcc-arm-none-eabi-10.3-2021.10/bin/../lib/gcc/arm-none-eabi/10.3.1/../../../../arm-none-eabi/lib/thumb/v7-m/nofp\libc.a(lib_a-fini.o)
                0x0800481c                __libc_fini_array
 .text.__retarget_lock_acquire_recursive
                0x08004848        0x4 d:/gcc-arm-none-eabi-10.3-2021.10/bin/../lib/gcc/arm-none-eabi/10.3.1/../../../../arm-none-eabi/lib/thumb/v7-m/nofp\libc.a(lib_a-lock.o)
                0x08004848                __retarget_lock_acquire_recursive
 .text.__retarget_lock_release_recursive
                0x0800484c        0x4 d:/gcc-arm-none-eabi-10.3-2021.10/bin/../lib/gcc/arm-none-eabi/10.3.1/../../../../arm-none-eabi/lib/thumb/v7-m/nofp\libc.a(lib_a-lock.o)
                0x0800484c                __retarget_lock_release_recursive
 .text.__register_exitproc
                0x08004850       0x8c d:/gcc-arm-none-eabi-10.3-2021.10/bin/../lib/gcc/arm-none-eabi/10.3.1/../../../../arm-none-eabi/lib/thumb/v7-m/nofp\libc.a(lib_a-__atexit.o)
                0x08004850                __register_exitproc
 .text.cos      0x080048dc       0xa4 d:/gcc-arm-none-eabi-10.3-2021.10/bin/../lib/gcc/arm-none-eabi/10.3.1/../../../../arm-none-eabi/lib/thumb/v7-m/nofp\libm.a(lib_a-s_cos.o)
                0x080048dc                cos
 .text.sin      0x08004980       0xb0 d:/gcc-arm-none-eabi-10.3-2021.10/bin/../lib/gcc/arm-none-eabi/10.3.1/../../../../arm-none-eabi/lib/thumb/v7-m/nofp\libm.a(lib_a-s_sin.o)
                0x08004980                sin
 .text.fmod     0x08004a30       0x58 d:/gcc-arm-none-eabi-10.3-2021.10/bin/../lib/gcc/arm-none-eabi/10.3.1/../../../../arm-none-eabi/lib/thumb/v7-m/nofp\libm.a(lib_a-w_fmod.o)
                0x08004a30                fmod
 .text.__ieee754_fmod
                0x08004a88      0x294 d:/gcc-arm-none-eabi-10.3-2021.10/bin/../lib/gcc/arm-none-eabi/10.3.1/../../../../arm-none-eabi/lib/thumb/v7-m/nofp\libm.a(lib_a-e_fmod.o)
                0x08004a88                __ieee754_fmod
 *fill*         0x08004d1c        0x4 
 .text.__ieee754_rem_pio2
                0x08004d20      0x454 d:/gcc-arm-none-eabi-10.3-2021.10/bin/../lib/gcc/arm-none-eabi/10.3.1/../../../../arm-none-eabi/lib/thumb/v7-m/nofp\libm.a(lib_a-e_rem_pio2.o)
                0x08004d20                __ieee754_rem_pio2
 *fill*         0x08005174        0x4 
 .text.__kernel_cos
                0x08005178      0x250 d:/gcc-arm-none-eabi-10.3-2021.10/bin/../lib/gcc/arm-none-eabi/10.3.1/../../../../arm-none-eabi/lib/thumb/v7-m/nofp\libm.a(lib_a-k_cos.o)
                0x08005178                __kernel_cos
 .text.__kernel_rem_pio2
                0x080053c8      0x850 d:/gcc-arm-none-eabi-10.3-2021.10/bin/../lib/gcc/arm-none-eabi/10.3.1/../../../../arm-none-eabi/lib/thumb/v7-m/nofp\libm.a(lib_a-k_rem_pio2.o)
                0x080053c8                __kernel_rem_pio2
 .text.__kernel_sin
                0x08005c18      0x184 d:/gcc-arm-none-eabi-10.3-2021.10/bin/../lib/gcc/arm-none-eabi/10.3.1/../../../../arm-none-eabi/lib/thumb/v7-m/nofp\libm.a(lib_a-k_sin.o)
                0x08005c18                __kernel_sin
 .text.fabs     0x08005d9c        0x8 d:/gcc-arm-none-eabi-10.3-2021.10/bin/../lib/gcc/arm-none-eabi/10.3.1/../../../../arm-none-eabi/lib/thumb/v7-m/nofp\libm.a(lib_a-s_fabs.o)
                0x08005d9c                fabs
 *fill*         0x08005da4        0x4 
 .text.floor    0x08005da8       0xf8 d:/gcc-arm-none-eabi-10.3-2021.10/bin/../lib/gcc/arm-none-eabi/10.3.1/../../../../arm-none-eabi/lib/thumb/v7-m/nofp\libm.a(lib_a-s_floor.o)
                0x08005da8                floor
 .text.scalbn   0x08005ea0       0xfc d:/gcc-arm-none-eabi-10.3-2021.10/bin/../lib/gcc/arm-none-eabi/10.3.1/../../../../arm-none-eabi/lib/thumb/v7-m/nofp\libm.a(lib_a-s_scalbn.o)
                0x08005ea0                scalbn
 *(.glue_7)
 .glue_7        0x08005f9c        0x0 linker stubs
 *(.glue_7t)
 .glue_7t       0x08005f9c        0x0 linker stubs
 *(.eh_frame)
 .eh_frame      0x08005f9c        0x0 d:/gcc-arm-none-eabi-10.3-2021.10/bin/../lib/gcc/arm-none-eabi/10.3.1/thumb/v7-m/nofp/crtbegin.o
 *(.init)
 .init          0x08005f9c        0x4 d:/gcc-arm-none-eabi-10.3-2021.10/bin/../lib/gcc/arm-none-eabi/10.3.1/thumb/v7-m/nofp/crti.o
                0x08005f9c                _init
 .init          0x08005fa0        0x8 d:/gcc-arm-none-eabi-10.3-2021.10/bin/../lib/gcc/arm-none-eabi/10.3.1/thumb/v7-m/nofp/crtn.o
 *(.fini)
 .fini          0x08005fa8        0x4 d:/gcc-arm-none-eabi-10.3-2021.10/bin/../lib/gcc/arm-none-eabi/10.3.1/thumb/v7-m/nofp/crti.o
                0x08005fa8                _fini
 .fini          0x08005fac        0x8 d:/gcc-arm-none-eabi-10.3-2021.10/bin/../lib/gcc/arm-none-eabi/10.3.1/thumb/v7-m/nofp/crtn.o
                0x08005fb4                . = ALIGN (0x4)
                0x08005fb4                _etext = .

.vfp11_veneer   0x08005fb4        0x0
 .vfp11_veneer  0x08005fb4        0x0 linker stubs

.v4_bx          0x08005fb4        0x0
 .v4_bx         0x08005fb4        0x0 linker stubs

.iplt           0x08005fb4        0x0
 .iplt          0x08005fb4        0x0 d:/gcc-arm-none-eabi-10.3-2021.10/bin/../lib/gcc/arm-none-eabi/10.3.1/thumb/v7-m/nofp/crtbegin.o

.rodata         0x08005fb8      0x230
                0x08005fb8                . = ALIGN (0x4)
 *(.rodata)
 *(.rodata*)
 .rodata.AHBPrescTable
                0x08005fb8       0x10 CMakeFiles/HAL_SoftWare.elf.dir/Core/Src/system_stm32f1xx.c.obj
                0x08005fb8                AHBPrescTable
 .rodata.APBPrescTable
                0x08005fc8        0x8 CMakeFiles/HAL_SoftWare.elf.dir/Core/Src/system_stm32f1xx.c.obj
                0x08005fc8                APBPrescTable
 .rodata.aPLLMULFactorTable.1
                0x08005fd0       0x10 CMakeFiles/HAL_SoftWare.elf.dir/Drivers/STM32F1xx_HAL_Driver/Src/stm32f1xx_hal_rcc.c.obj
 .rodata.aPredivFactorTable.0
                0x08005fe0        0x2 CMakeFiles/HAL_SoftWare.elf.dir/Drivers/STM32F1xx_HAL_Driver/Src/stm32f1xx_hal_rcc.c.obj
 *fill*         0x08005fe2        0x2 
 .rodata.aPLLMULFactorTable.1
                0x08005fe4       0x10 CMakeFiles/HAL_SoftWare.elf.dir/Drivers/STM32F1xx_HAL_Driver/Src/stm32f1xx_hal_rcc_ex.c.obj
 .rodata.aPredivFactorTable.0
                0x08005ff4        0x2 CMakeFiles/HAL_SoftWare.elf.dir/Drivers/STM32F1xx_HAL_Driver/Src/stm32f1xx_hal_rcc_ex.c.obj
 *fill*         0x08005ff6        0x2 
 .rodata._global_impure_ptr
                0x08005ff8        0x4 d:/gcc-arm-none-eabi-10.3-2021.10/bin/../lib/gcc/arm-none-eabi/10.3.1/../../../../arm-none-eabi/lib/thumb/v7-m/nofp\libc.a(lib_a-impure.o)
                0x08005ff8                _global_impure_ptr
 *fill*         0x08005ffc        0x4 
 .rodata.Zero   0x08006000       0x10 d:/gcc-arm-none-eabi-10.3-2021.10/bin/../lib/gcc/arm-none-eabi/10.3.1/../../../../arm-none-eabi/lib/thumb/v7-m/nofp\libm.a(lib_a-e_fmod.o)
 .rodata.npio2_hw
                0x08006010       0x80 d:/gcc-arm-none-eabi-10.3-2021.10/bin/../lib/gcc/arm-none-eabi/10.3.1/../../../../arm-none-eabi/lib/thumb/v7-m/nofp\libm.a(lib_a-e_rem_pio2.o)
 .rodata.two_over_pi
                0x08006090      0x108 d:/gcc-arm-none-eabi-10.3-2021.10/bin/../lib/gcc/arm-none-eabi/10.3.1/../../../../arm-none-eabi/lib/thumb/v7-m/nofp\libm.a(lib_a-e_rem_pio2.o)
 .rodata.PIo2   0x08006198       0x40 d:/gcc-arm-none-eabi-10.3-2021.10/bin/../lib/gcc/arm-none-eabi/10.3.1/../../../../arm-none-eabi/lib/thumb/v7-m/nofp\libm.a(lib_a-k_rem_pio2.o)
 .rodata.init_jk
                0x080061d8       0x10 d:/gcc-arm-none-eabi-10.3-2021.10/bin/../lib/gcc/arm-none-eabi/10.3.1/../../../../arm-none-eabi/lib/thumb/v7-m/nofp\libm.a(lib_a-k_rem_pio2.o)
                0x080061e8                . = ALIGN (0x4)

.rel.dyn        0x080061e8        0x0
 .rel.iplt      0x080061e8        0x0 d:/gcc-arm-none-eabi-10.3-2021.10/bin/../lib/gcc/arm-none-eabi/10.3.1/thumb/v7-m/nofp/crtbegin.o

.ARM.extab      0x080061e8        0x0
                0x080061e8                . = ALIGN (0x4)
 *(.ARM.extab* .gnu.linkonce.armextab.*)
                0x080061e8                . = ALIGN (0x4)

.ARM            0x080061e8        0x0
                0x080061e8                . = ALIGN (0x4)
                0x080061e8                __exidx_start = .
 *(.ARM.exidx*)
                0x080061e8                __exidx_end = .
                0x080061e8                . = ALIGN (0x4)

.preinit_array  0x080061e8        0x0
                0x080061e8                . = ALIGN (0x4)
                0x080061e8                PROVIDE (__preinit_array_start = .)
 *(.preinit_array*)
                0x080061e8                PROVIDE (__preinit_array_end = .)
                0x080061e8                . = ALIGN (0x4)

.init_array     0x080061e8        0x8
                0x080061e8                . = ALIGN (0x4)
                0x080061e8                PROVIDE (__init_array_start = .)
 *(SORT_BY_NAME(.init_array.*))
 .init_array.00000
                0x080061e8        0x4 d:/gcc-arm-none-eabi-10.3-2021.10/bin/../lib/gcc/arm-none-eabi/10.3.1/../../../../arm-none-eabi/lib/thumb/v7-m/nofp\libc.a(lib_a-__call_atexit.o)
 *(.init_array*)
 .init_array    0x080061ec        0x4 d:/gcc-arm-none-eabi-10.3-2021.10/bin/../lib/gcc/arm-none-eabi/10.3.1/thumb/v7-m/nofp/crtbegin.o
                0x080061f0                PROVIDE (__init_array_end = .)
                0x080061f0                . = ALIGN (0x4)

.fini_array     0x080061f0        0x4
                0x080061f0                . = ALIGN (0x4)
                0x080061f0                PROVIDE (__fini_array_start = .)
 *(SORT_BY_NAME(.fini_array.*))
 *(.fini_array*)
 .fini_array    0x080061f0        0x4 d:/gcc-arm-none-eabi-10.3-2021.10/bin/../lib/gcc/arm-none-eabi/10.3.1/thumb/v7-m/nofp/crtbegin.o
                0x080061f4                PROVIDE (__fini_array_end = .)
                0x080061f4                . = ALIGN (0x4)
                0x080061f4                _sidata = LOADADDR (.data)

.data           0x20000000      0x43c load address 0x080061f4
                0x20000000                . = ALIGN (0x4)
                0x20000000                _sdata = .
 *(.data)
 *(.data*)
 .data.SystemCoreClock
                0x20000000        0x4 CMakeFiles/HAL_SoftWare.elf.dir/Core/Src/system_stm32f1xx.c.obj
                0x20000000                SystemCoreClock
 .data.uwTickFreq
                0x20000004        0x1 CMakeFiles/HAL_SoftWare.elf.dir/Drivers/STM32F1xx_HAL_Driver/Src/stm32f1xx_hal.c.obj
                0x20000004                uwTickFreq
 *fill*         0x20000005        0x3 
 .data.uwTickPrio
                0x20000008        0x4 CMakeFiles/HAL_SoftWare.elf.dir/Drivers/STM32F1xx_HAL_Driver/Src/stm32f1xx_hal.c.obj
                0x20000008                uwTickPrio
 .data._impure_ptr
                0x2000000c        0x4 d:/gcc-arm-none-eabi-10.3-2021.10/bin/../lib/gcc/arm-none-eabi/10.3.1/../../../../arm-none-eabi/lib/thumb/v7-m/nofp\libc.a(lib_a-impure.o)
                0x2000000c                _impure_ptr
 .data.impure_data
                0x20000010      0x428 d:/gcc-arm-none-eabi-10.3-2021.10/bin/../lib/gcc/arm-none-eabi/10.3.1/../../../../arm-none-eabi/lib/thumb/v7-m/nofp\libc.a(lib_a-impure.o)
 .data.__atexit_recursive_mutex
                0x20000438        0x4 d:/gcc-arm-none-eabi-10.3-2021.10/bin/../lib/gcc/arm-none-eabi/10.3.1/../../../../arm-none-eabi/lib/thumb/v7-m/nofp\libc.a(lib_a-__call_atexit.o)
                0x20000438                __atexit_recursive_mutex
 *(.RamFunc)
 *(.RamFunc*)
                0x2000043c                . = ALIGN (0x4)
                0x2000043c                _edata = .

.igot.plt       0x2000043c        0x0 load address 0x08006630
 .igot.plt      0x2000043c        0x0 d:/gcc-arm-none-eabi-10.3-2021.10/bin/../lib/gcc/arm-none-eabi/10.3.1/thumb/v7-m/nofp/crtbegin.o
                0x2000043c                . = ALIGN (0x4)

.bss            0x2000043c      0x204 load address 0x08006630
                0x2000043c                _sbss = .
                0x2000043c                __bss_start__ = _sbss
 *(.bss)
 .bss           0x2000043c       0x1c d:/gcc-arm-none-eabi-10.3-2021.10/bin/../lib/gcc/arm-none-eabi/10.3.1/thumb/v7-m/nofp/crtbegin.o
 *(.bss*)
 .bss.hadc1     0x20000458       0x30 CMakeFiles/HAL_SoftWare.elf.dir/Core/Src/adc.c.obj
                0x20000458                hadc1
 .bss.hdma_adc1
                0x20000488       0x44 CMakeFiles/HAL_SoftWare.elf.dir/Core/Src/adc.c.obj
                0x20000488                hdma_adc1
 .bss.hi2c1     0x200004cc       0x54 CMakeFiles/HAL_SoftWare.elf.dir/Core/Src/i2c.c.obj
                0x200004cc                hi2c1
 .bss.htim1     0x20000520       0x48 CMakeFiles/HAL_SoftWare.elf.dir/Core/Src/tim.c.obj
                0x20000520                htim1
 .bss.htim2     0x20000568       0x48 CMakeFiles/HAL_SoftWare.elf.dir/Core/Src/tim.c.obj
                0x20000568                htim2
 .bss.uwTick    0x200005b0        0x4 CMakeFiles/HAL_SoftWare.elf.dir/Drivers/STM32F1xx_HAL_Driver/Src/stm32f1xx_hal.c.obj
                0x200005b0                uwTick
 .bss.foc       0x200005b4       0x50 CMakeFiles/HAL_SoftWare.elf.dir/User/Src/foc.c.obj
                0x200005b4                foc
 .bss.motor     0x20000604       0x38 CMakeFiles/HAL_SoftWare.elf.dir/User/Src/motor.c.obj
                0x20000604                motor
 .bss.__lock___atexit_recursive_mutex
                0x2000063c        0x1 d:/gcc-arm-none-eabi-10.3-2021.10/bin/../lib/gcc/arm-none-eabi/10.3.1/../../../../arm-none-eabi/lib/thumb/v7-m/nofp\libc.a(lib_a-lock.o)
                0x2000063c                __lock___atexit_recursive_mutex
 *(COMMON)
                0x20000640                . = ALIGN (0x4)
 *fill*         0x2000063d        0x3 
                0x20000640                _ebss = .
                0x20000640                __bss_end__ = _ebss

._user_heap_stack
                0x20000640      0x600 load address 0x08006630
                0x20000640                . = ALIGN (0x8)
                [!provide]                PROVIDE (end = .)
                0x20000640                PROVIDE (_end = .)
                0x20000840                . = (. + _Min_Heap_Size)
 *fill*         0x20000640      0x200 
                0x20000c40                . = (. + _Min_Stack_Size)
 *fill*         0x20000840      0x400 
                0x20000c40                . = ALIGN (0x8)

/DISCARD/
 libc.a(*)
 libm.a(*)
 libgcc.a(*)

.ARM.attributes
                0x00000000       0x29
 *(.ARM.attributes)
 .ARM.attributes
                0x00000000       0x1d d:/gcc-arm-none-eabi-10.3-2021.10/bin/../lib/gcc/arm-none-eabi/10.3.1/thumb/v7-m/nofp/crti.o
 .ARM.attributes
                0x0000001d       0x2d d:/gcc-arm-none-eabi-10.3-2021.10/bin/../lib/gcc/arm-none-eabi/10.3.1/thumb/v7-m/nofp/crtbegin.o
 .ARM.attributes
                0x0000004a       0x2d CMakeFiles/HAL_SoftWare.elf.dir/Core/Src/adc.c.obj
 .ARM.attributes
                0x00000077       0x2d CMakeFiles/HAL_SoftWare.elf.dir/Core/Src/dma.c.obj
 .ARM.attributes
                0x000000a4       0x2d CMakeFiles/HAL_SoftWare.elf.dir/Core/Src/gpio.c.obj
 .ARM.attributes
                0x000000d1       0x2d CMakeFiles/HAL_SoftWare.elf.dir/Core/Src/i2c.c.obj
 .ARM.attributes
                0x000000fe       0x2d CMakeFiles/HAL_SoftWare.elf.dir/Core/Src/main.c.obj
 .ARM.attributes
                0x0000012b       0x2d CMakeFiles/HAL_SoftWare.elf.dir/Core/Src/stm32f1xx_hal_msp.c.obj
 .ARM.attributes
                0x00000158       0x2d CMakeFiles/HAL_SoftWare.elf.dir/Core/Src/stm32f1xx_it.c.obj
 .ARM.attributes
                0x00000185       0x2d CMakeFiles/HAL_SoftWare.elf.dir/Core/Src/system_stm32f1xx.c.obj
 .ARM.attributes
                0x000001b2       0x2d CMakeFiles/HAL_SoftWare.elf.dir/Core/Src/tim.c.obj
 .ARM.attributes
                0x000001df       0x21 CMakeFiles/HAL_SoftWare.elf.dir/Core/Startup/startup_stm32f103c8tx.s.obj
 .ARM.attributes
                0x00000200       0x2d CMakeFiles/HAL_SoftWare.elf.dir/Drivers/STM32F1xx_HAL_Driver/Src/stm32f1xx_hal.c.obj
 .ARM.attributes
                0x0000022d       0x2d CMakeFiles/HAL_SoftWare.elf.dir/Drivers/STM32F1xx_HAL_Driver/Src/stm32f1xx_hal_adc.c.obj
 .ARM.attributes
                0x0000025a       0x2d CMakeFiles/HAL_SoftWare.elf.dir/Drivers/STM32F1xx_HAL_Driver/Src/stm32f1xx_hal_adc_ex.c.obj
 .ARM.attributes
                0x00000287       0x2d CMakeFiles/HAL_SoftWare.elf.dir/Drivers/STM32F1xx_HAL_Driver/Src/stm32f1xx_hal_cortex.c.obj
 .ARM.attributes
                0x000002b4       0x2d CMakeFiles/HAL_SoftWare.elf.dir/Drivers/STM32F1xx_HAL_Driver/Src/stm32f1xx_hal_dma.c.obj
 .ARM.attributes
                0x000002e1       0x2d CMakeFiles/HAL_SoftWare.elf.dir/Drivers/STM32F1xx_HAL_Driver/Src/stm32f1xx_hal_gpio.c.obj
 .ARM.attributes
                0x0000030e       0x2d CMakeFiles/HAL_SoftWare.elf.dir/Drivers/STM32F1xx_HAL_Driver/Src/stm32f1xx_hal_i2c.c.obj
 .ARM.attributes
                0x0000033b       0x2d CMakeFiles/HAL_SoftWare.elf.dir/Drivers/STM32F1xx_HAL_Driver/Src/stm32f1xx_hal_rcc.c.obj
 .ARM.attributes
                0x00000368       0x2d CMakeFiles/HAL_SoftWare.elf.dir/Drivers/STM32F1xx_HAL_Driver/Src/stm32f1xx_hal_rcc_ex.c.obj
 .ARM.attributes
                0x00000395       0x2d CMakeFiles/HAL_SoftWare.elf.dir/Drivers/STM32F1xx_HAL_Driver/Src/stm32f1xx_hal_tim.c.obj
 .ARM.attributes
                0x000003c2       0x2d CMakeFiles/HAL_SoftWare.elf.dir/Drivers/STM32F1xx_HAL_Driver/Src/stm32f1xx_hal_tim_ex.c.obj
 .ARM.attributes
                0x000003ef       0x2d CMakeFiles/HAL_SoftWare.elf.dir/User/Src/as5600.c.obj
 .ARM.attributes
                0x0000041c       0x2d CMakeFiles/HAL_SoftWare.elf.dir/User/Src/current.c.obj
 .ARM.attributes
                0x00000449       0x2d CMakeFiles/HAL_SoftWare.elf.dir/User/Src/foc.c.obj
 .ARM.attributes
                0x00000476       0x2d CMakeFiles/HAL_SoftWare.elf.dir/User/Src/motor.c.obj
 .ARM.attributes
                0x000004a3       0x1d d:/gcc-arm-none-eabi-10.3-2021.10/bin/../lib/gcc/arm-none-eabi/10.3.1/thumb/v7-m/nofp\libgcc.a(_arm_addsubdf3.o)
 .ARM.attributes
                0x000004c0       0x1d d:/gcc-arm-none-eabi-10.3-2021.10/bin/../lib/gcc/arm-none-eabi/10.3.1/thumb/v7-m/nofp\libgcc.a(_arm_truncdfsf2.o)
 .ARM.attributes
                0x000004dd       0x1d d:/gcc-arm-none-eabi-10.3-2021.10/bin/../lib/gcc/arm-none-eabi/10.3.1/thumb/v7-m/nofp\libgcc.a(_arm_addsubsf3.o)
 .ARM.attributes
                0x000004fa       0x1d d:/gcc-arm-none-eabi-10.3-2021.10/bin/../lib/gcc/arm-none-eabi/10.3.1/thumb/v7-m/nofp\libgcc.a(_arm_muldivsf3.o)
 .ARM.attributes
                0x00000517       0x1d d:/gcc-arm-none-eabi-10.3-2021.10/bin/../lib/gcc/arm-none-eabi/10.3.1/thumb/v7-m/nofp\libgcc.a(_arm_cmpsf2.o)
 .ARM.attributes
                0x00000534       0x1d d:/gcc-arm-none-eabi-10.3-2021.10/bin/../lib/gcc/arm-none-eabi/10.3.1/thumb/v7-m/nofp\libgcc.a(_arm_fixunssfsi.o)
 .ARM.attributes
                0x00000551       0x2d d:/gcc-arm-none-eabi-10.3-2021.10/bin/../lib/gcc/arm-none-eabi/10.3.1/../../../../arm-none-eabi/lib/thumb/v7-m/nofp\libc.a(lib_a-errno.o)
 .ARM.attributes
                0x0000057e       0x2d d:/gcc-arm-none-eabi-10.3-2021.10/bin/../lib/gcc/arm-none-eabi/10.3.1/../../../../arm-none-eabi/lib/thumb/v7-m/nofp\libc.a(lib_a-impure.o)
 .ARM.attributes
                0x000005ab       0x2d d:/gcc-arm-none-eabi-10.3-2021.10/bin/../lib/gcc/arm-none-eabi/10.3.1/../../../../arm-none-eabi/lib/thumb/v7-m/nofp\libc.a(lib_a-init.o)
 .ARM.attributes
                0x000005d8       0x2d d:/gcc-arm-none-eabi-10.3-2021.10/bin/../lib/gcc/arm-none-eabi/10.3.1/../../../../arm-none-eabi/lib/thumb/v7-m/nofp\libc.a(lib_a-memset.o)
 .ARM.attributes
                0x00000605       0x2d d:/gcc-arm-none-eabi-10.3-2021.10/bin/../lib/gcc/arm-none-eabi/10.3.1/../../../../arm-none-eabi/lib/thumb/v7-m/nofp\libc.a(lib_a-__call_atexit.o)
 .ARM.attributes
                0x00000632       0x2d d:/gcc-arm-none-eabi-10.3-2021.10/bin/../lib/gcc/arm-none-eabi/10.3.1/../../../../arm-none-eabi/lib/thumb/v7-m/nofp\libc.a(lib_a-atexit.o)
 .ARM.attributes
                0x0000065f       0x2d d:/gcc-arm-none-eabi-10.3-2021.10/bin/../lib/gcc/arm-none-eabi/10.3.1/../../../../arm-none-eabi/lib/thumb/v7-m/nofp\libc.a(lib_a-fini.o)
 .ARM.attributes
                0x0000068c       0x2d d:/gcc-arm-none-eabi-10.3-2021.10/bin/../lib/gcc/arm-none-eabi/10.3.1/../../../../arm-none-eabi/lib/thumb/v7-m/nofp\libc.a(lib_a-lock.o)
 .ARM.attributes
                0x000006b9       0x2d d:/gcc-arm-none-eabi-10.3-2021.10/bin/../lib/gcc/arm-none-eabi/10.3.1/../../../../arm-none-eabi/lib/thumb/v7-m/nofp\libc.a(lib_a-__atexit.o)
 .ARM.attributes
                0x000006e6       0x1d d:/gcc-arm-none-eabi-10.3-2021.10/bin/../lib/gcc/arm-none-eabi/10.3.1/thumb/v7-m/nofp/crtn.o
OUTPUT(HAL_SoftWare.elf elf32-littlearm)
LOAD linker stubs
LOAD d:/gcc-arm-none-eabi-10.3-2021.10/bin/../lib/gcc/arm-none-eabi/10.3.1/../../../../arm-none-eabi/lib/thumb/v7-m/nofp\libc.a
LOAD d:/gcc-arm-none-eabi-10.3-2021.10/bin/../lib/gcc/arm-none-eabi/10.3.1/../../../../arm-none-eabi/lib/thumb/v7-m/nofp\libm.a
LOAD d:/gcc-arm-none-eabi-10.3-2021.10/bin/../lib/gcc/arm-none-eabi/10.3.1/thumb/v7-m/nofp\libgcc.a

.debug_info     0x00000000    0x13dbb
 .debug_info    0x00000000      0x90a CMakeFiles/HAL_SoftWare.elf.dir/Core/Src/adc.c.obj
 .debug_info    0x0000090a      0x2f4 CMakeFiles/HAL_SoftWare.elf.dir/Core/Src/dma.c.obj
 .debug_info    0x00000bfe      0x34c CMakeFiles/HAL_SoftWare.elf.dir/Core/Src/gpio.c.obj
 .debug_info    0x00000f4a      0x8a4 CMakeFiles/HAL_SoftWare.elf.dir/Core/Src/i2c.c.obj
 .debug_info    0x000017ee      0xcf4 CMakeFiles/HAL_SoftWare.elf.dir/Core/Src/main.c.obj
 .debug_info    0x000024e2      0x211 CMakeFiles/HAL_SoftWare.elf.dir/Core/Src/stm32f1xx_hal_msp.c.obj
 .debug_info    0x000026f3      0x8a5 CMakeFiles/HAL_SoftWare.elf.dir/Core/Src/stm32f1xx_it.c.obj
 .debug_info    0x00002f98      0x248 CMakeFiles/HAL_SoftWare.elf.dir/Core/Src/system_stm32f1xx.c.obj
 .debug_info    0x000031e0      0xfd6 CMakeFiles/HAL_SoftWare.elf.dir/Core/Src/tim.c.obj
 .debug_info    0x000041b6       0x22 CMakeFiles/HAL_SoftWare.elf.dir/Core/Startup/startup_stm32f103c8tx.s.obj
 .debug_info    0x000041d8      0x7a8 CMakeFiles/HAL_SoftWare.elf.dir/Drivers/STM32F1xx_HAL_Driver/Src/stm32f1xx_hal.c.obj
 .debug_info    0x00004980      0xf3f CMakeFiles/HAL_SoftWare.elf.dir/Drivers/STM32F1xx_HAL_Driver/Src/stm32f1xx_hal_adc.c.obj
 .debug_info    0x000058bf      0xc40 CMakeFiles/HAL_SoftWare.elf.dir/Drivers/STM32F1xx_HAL_Driver/Src/stm32f1xx_hal_adc_ex.c.obj
 .debug_info    0x000064ff      0xd8a CMakeFiles/HAL_SoftWare.elf.dir/Drivers/STM32F1xx_HAL_Driver/Src/stm32f1xx_hal_cortex.c.obj
 .debug_info    0x00007289      0x84b CMakeFiles/HAL_SoftWare.elf.dir/Drivers/STM32F1xx_HAL_Driver/Src/stm32f1xx_hal_dma.c.obj
 .debug_info    0x00007ad4      0x66f CMakeFiles/HAL_SoftWare.elf.dir/Drivers/STM32F1xx_HAL_Driver/Src/stm32f1xx_hal_gpio.c.obj
 .debug_info    0x00008143     0x3ab6 CMakeFiles/HAL_SoftWare.elf.dir/Drivers/STM32F1xx_HAL_Driver/Src/stm32f1xx_hal_i2c.c.obj
 .debug_info    0x0000bbf9      0xa3b CMakeFiles/HAL_SoftWare.elf.dir/Drivers/STM32F1xx_HAL_Driver/Src/stm32f1xx_hal_rcc.c.obj
 .debug_info    0x0000c634      0x449 CMakeFiles/HAL_SoftWare.elf.dir/Drivers/STM32F1xx_HAL_Driver/Src/stm32f1xx_hal_rcc_ex.c.obj
 .debug_info    0x0000ca7d     0x3d52 CMakeFiles/HAL_SoftWare.elf.dir/Drivers/STM32F1xx_HAL_Driver/Src/stm32f1xx_hal_tim.c.obj
 .debug_info    0x000107cf     0x1abb CMakeFiles/HAL_SoftWare.elf.dir/Drivers/STM32F1xx_HAL_Driver/Src/stm32f1xx_hal_tim_ex.c.obj
 .debug_info    0x0001228a      0x806 CMakeFiles/HAL_SoftWare.elf.dir/User/Src/as5600.c.obj
 .debug_info    0x00012a90      0x6c3 CMakeFiles/HAL_SoftWare.elf.dir/User/Src/current.c.obj
 .debug_info    0x00013153      0x839 CMakeFiles/HAL_SoftWare.elf.dir/User/Src/foc.c.obj
 .debug_info    0x0001398c      0x42f CMakeFiles/HAL_SoftWare.elf.dir/User/Src/motor.c.obj

.debug_abbrev   0x00000000     0x2d5e
 .debug_abbrev  0x00000000      0x1c9 CMakeFiles/HAL_SoftWare.elf.dir/Core/Src/adc.c.obj
 .debug_abbrev  0x000001c9      0x114 CMakeFiles/HAL_SoftWare.elf.dir/Core/Src/dma.c.obj
 .debug_abbrev  0x000002dd      0x13c CMakeFiles/HAL_SoftWare.elf.dir/Core/Src/gpio.c.obj
 .debug_abbrev  0x00000419      0x1c1 CMakeFiles/HAL_SoftWare.elf.dir/Core/Src/i2c.c.obj
 .debug_abbrev  0x000005da      0x203 CMakeFiles/HAL_SoftWare.elf.dir/Core/Src/main.c.obj
 .debug_abbrev  0x000007dd       0xe5 CMakeFiles/HAL_SoftWare.elf.dir/Core/Src/stm32f1xx_hal_msp.c.obj
 .debug_abbrev  0x000008c2      0x1b7 CMakeFiles/HAL_SoftWare.elf.dir/Core/Src/stm32f1xx_it.c.obj
 .debug_abbrev  0x00000a79      0x13e CMakeFiles/HAL_SoftWare.elf.dir/Core/Src/system_stm32f1xx.c.obj
 .debug_abbrev  0x00000bb7      0x22e CMakeFiles/HAL_SoftWare.elf.dir/Core/Src/tim.c.obj
 .debug_abbrev  0x00000de5       0x12 CMakeFiles/HAL_SoftWare.elf.dir/Core/Startup/startup_stm32f103c8tx.s.obj
 .debug_abbrev  0x00000df7      0x1f4 CMakeFiles/HAL_SoftWare.elf.dir/Drivers/STM32F1xx_HAL_Driver/Src/stm32f1xx_hal.c.obj
 .debug_abbrev  0x00000feb      0x1fc CMakeFiles/HAL_SoftWare.elf.dir/Drivers/STM32F1xx_HAL_Driver/Src/stm32f1xx_hal_adc.c.obj
 .debug_abbrev  0x000011e7      0x248 CMakeFiles/HAL_SoftWare.elf.dir/Drivers/STM32F1xx_HAL_Driver/Src/stm32f1xx_hal_adc_ex.c.obj
 .debug_abbrev  0x0000142f      0x341 CMakeFiles/HAL_SoftWare.elf.dir/Drivers/STM32F1xx_HAL_Driver/Src/stm32f1xx_hal_cortex.c.obj
 .debug_abbrev  0x00001770      0x223 CMakeFiles/HAL_SoftWare.elf.dir/Drivers/STM32F1xx_HAL_Driver/Src/stm32f1xx_hal_dma.c.obj
 .debug_abbrev  0x00001993      0x1e6 CMakeFiles/HAL_SoftWare.elf.dir/Drivers/STM32F1xx_HAL_Driver/Src/stm32f1xx_hal_gpio.c.obj
 .debug_abbrev  0x00001b79      0x293 CMakeFiles/HAL_SoftWare.elf.dir/Drivers/STM32F1xx_HAL_Driver/Src/stm32f1xx_hal_i2c.c.obj
 .debug_abbrev  0x00001e0c      0x27a CMakeFiles/HAL_SoftWare.elf.dir/Drivers/STM32F1xx_HAL_Driver/Src/stm32f1xx_hal_rcc.c.obj
 .debug_abbrev  0x00002086      0x1d2 CMakeFiles/HAL_SoftWare.elf.dir/Drivers/STM32F1xx_HAL_Driver/Src/stm32f1xx_hal_rcc_ex.c.obj
 .debug_abbrev  0x00002258      0x245 CMakeFiles/HAL_SoftWare.elf.dir/Drivers/STM32F1xx_HAL_Driver/Src/stm32f1xx_hal_tim.c.obj
 .debug_abbrev  0x0000249d      0x248 CMakeFiles/HAL_SoftWare.elf.dir/Drivers/STM32F1xx_HAL_Driver/Src/stm32f1xx_hal_tim_ex.c.obj
 .debug_abbrev  0x000026e5      0x1b9 CMakeFiles/HAL_SoftWare.elf.dir/User/Src/as5600.c.obj
 .debug_abbrev  0x0000289e      0x1b1 CMakeFiles/HAL_SoftWare.elf.dir/User/Src/current.c.obj
 .debug_abbrev  0x00002a4f      0x1a1 CMakeFiles/HAL_SoftWare.elf.dir/User/Src/foc.c.obj
 .debug_abbrev  0x00002bf0      0x16e CMakeFiles/HAL_SoftWare.elf.dir/User/Src/motor.c.obj

.debug_loc      0x00000000     0xe7ee
 .debug_loc     0x00000000       0x71 CMakeFiles/HAL_SoftWare.elf.dir/Core/Src/adc.c.obj
 .debug_loc     0x00000071       0x67 CMakeFiles/HAL_SoftWare.elf.dir/Core/Src/i2c.c.obj
 .debug_loc     0x000000d8       0x15 CMakeFiles/HAL_SoftWare.elf.dir/Core/Src/stm32f1xx_hal_msp.c.obj
 .debug_loc     0x000000ed       0x42 CMakeFiles/HAL_SoftWare.elf.dir/Core/Src/stm32f1xx_it.c.obj
 .debug_loc     0x0000012f       0xff CMakeFiles/HAL_SoftWare.elf.dir/Core/Src/system_stm32f1xx.c.obj
 .debug_loc     0x0000022e       0xde CMakeFiles/HAL_SoftWare.elf.dir/Core/Src/tim.c.obj
 .debug_loc     0x0000030c      0x141 CMakeFiles/HAL_SoftWare.elf.dir/Drivers/STM32F1xx_HAL_Driver/Src/stm32f1xx_hal.c.obj
 .debug_loc     0x0000044d      0xb03 CMakeFiles/HAL_SoftWare.elf.dir/Drivers/STM32F1xx_HAL_Driver/Src/stm32f1xx_hal_adc.c.obj
 .debug_loc     0x00000f50      0x801 CMakeFiles/HAL_SoftWare.elf.dir/Drivers/STM32F1xx_HAL_Driver/Src/stm32f1xx_hal_adc_ex.c.obj
 .debug_loc     0x00001751      0x71f CMakeFiles/HAL_SoftWare.elf.dir/Drivers/STM32F1xx_HAL_Driver/Src/stm32f1xx_hal_cortex.c.obj
 .debug_loc     0x00001e70      0x7d1 CMakeFiles/HAL_SoftWare.elf.dir/Drivers/STM32F1xx_HAL_Driver/Src/stm32f1xx_hal_dma.c.obj
 .debug_loc     0x00002641      0x47d CMakeFiles/HAL_SoftWare.elf.dir/Drivers/STM32F1xx_HAL_Driver/Src/stm32f1xx_hal_gpio.c.obj
 .debug_loc     0x00002abe     0x41ca CMakeFiles/HAL_SoftWare.elf.dir/Drivers/STM32F1xx_HAL_Driver/Src/stm32f1xx_hal_i2c.c.obj
 .debug_loc     0x00006c88      0x618 CMakeFiles/HAL_SoftWare.elf.dir/Drivers/STM32F1xx_HAL_Driver/Src/stm32f1xx_hal_rcc.c.obj
 .debug_loc     0x000072a0      0x43d CMakeFiles/HAL_SoftWare.elf.dir/Drivers/STM32F1xx_HAL_Driver/Src/stm32f1xx_hal_rcc_ex.c.obj
 .debug_loc     0x000076dd     0x50fa CMakeFiles/HAL_SoftWare.elf.dir/Drivers/STM32F1xx_HAL_Driver/Src/stm32f1xx_hal_tim.c.obj
 .debug_loc     0x0000c7d7     0x1c93 CMakeFiles/HAL_SoftWare.elf.dir/Drivers/STM32F1xx_HAL_Driver/Src/stm32f1xx_hal_tim_ex.c.obj
 .debug_loc     0x0000e46a       0x23 CMakeFiles/HAL_SoftWare.elf.dir/User/Src/as5600.c.obj
 .debug_loc     0x0000e48d       0x30 CMakeFiles/HAL_SoftWare.elf.dir/User/Src/current.c.obj
 .debug_loc     0x0000e4bd      0x331 CMakeFiles/HAL_SoftWare.elf.dir/User/Src/foc.c.obj

.debug_aranges  0x00000000      0xf38
 .debug_aranges
                0x00000000       0x30 CMakeFiles/HAL_SoftWare.elf.dir/Core/Src/adc.c.obj
 .debug_aranges
                0x00000030       0x20 CMakeFiles/HAL_SoftWare.elf.dir/Core/Src/dma.c.obj
 .debug_aranges
                0x00000050       0x20 CMakeFiles/HAL_SoftWare.elf.dir/Core/Src/gpio.c.obj
 .debug_aranges
                0x00000070       0x30 CMakeFiles/HAL_SoftWare.elf.dir/Core/Src/i2c.c.obj
 .debug_aranges
                0x000000a0       0x30 CMakeFiles/HAL_SoftWare.elf.dir/Core/Src/main.c.obj
 .debug_aranges
                0x000000d0       0x20 CMakeFiles/HAL_SoftWare.elf.dir/Core/Src/stm32f1xx_hal_msp.c.obj
 .debug_aranges
                0x000000f0       0x78 CMakeFiles/HAL_SoftWare.elf.dir/Core/Src/stm32f1xx_it.c.obj
 .debug_aranges
                0x00000168       0x28 CMakeFiles/HAL_SoftWare.elf.dir/Core/Src/system_stm32f1xx.c.obj
 .debug_aranges
                0x00000190       0x68 CMakeFiles/HAL_SoftWare.elf.dir/Core/Src/tim.c.obj
 .debug_aranges
                0x000001f8       0x28 CMakeFiles/HAL_SoftWare.elf.dir/Core/Startup/startup_stm32f103c8tx.s.obj
 .debug_aranges
                0x00000220       0xe0 CMakeFiles/HAL_SoftWare.elf.dir/Drivers/STM32F1xx_HAL_Driver/Src/stm32f1xx_hal.c.obj
 .debug_aranges
                0x00000300       0xf0 CMakeFiles/HAL_SoftWare.elf.dir/Drivers/STM32F1xx_HAL_Driver/Src/stm32f1xx_hal_adc.c.obj
 .debug_aranges
                0x000003f0       0x80 CMakeFiles/HAL_SoftWare.elf.dir/Drivers/STM32F1xx_HAL_Driver/Src/stm32f1xx_hal_adc_ex.c.obj
 .debug_aranges
                0x00000470       0x90 CMakeFiles/HAL_SoftWare.elf.dir/Drivers/STM32F1xx_HAL_Driver/Src/stm32f1xx_hal_cortex.c.obj
 .debug_aranges
                0x00000500       0x80 CMakeFiles/HAL_SoftWare.elf.dir/Drivers/STM32F1xx_HAL_Driver/Src/stm32f1xx_hal_dma.c.obj
 .debug_aranges
                0x00000580       0x58 CMakeFiles/HAL_SoftWare.elf.dir/Drivers/STM32F1xx_HAL_Driver/Src/stm32f1xx_hal_gpio.c.obj
 .debug_aranges
                0x000005d8      0x2a8 CMakeFiles/HAL_SoftWare.elf.dir/Drivers/STM32F1xx_HAL_Driver/Src/stm32f1xx_hal_i2c.c.obj
 .debug_aranges
                0x00000880       0x90 CMakeFiles/HAL_SoftWare.elf.dir/Drivers/STM32F1xx_HAL_Driver/Src/stm32f1xx_hal_rcc.c.obj
 .debug_aranges
                0x00000910       0x30 CMakeFiles/HAL_SoftWare.elf.dir/Drivers/STM32F1xx_HAL_Driver/Src/stm32f1xx_hal_rcc_ex.c.obj
 .debug_aranges
                0x00000940      0x3d0 CMakeFiles/HAL_SoftWare.elf.dir/Drivers/STM32F1xx_HAL_Driver/Src/stm32f1xx_hal_tim.c.obj
 .debug_aranges
                0x00000d10      0x168 CMakeFiles/HAL_SoftWare.elf.dir/Drivers/STM32F1xx_HAL_Driver/Src/stm32f1xx_hal_tim_ex.c.obj
 .debug_aranges
                0x00000e78       0x20 CMakeFiles/HAL_SoftWare.elf.dir/User/Src/as5600.c.obj
 .debug_aranges
                0x00000e98       0x20 CMakeFiles/HAL_SoftWare.elf.dir/User/Src/current.c.obj
 .debug_aranges
                0x00000eb8       0x38 CMakeFiles/HAL_SoftWare.elf.dir/User/Src/foc.c.obj
 .debug_aranges
                0x00000ef0       0x48 CMakeFiles/HAL_SoftWare.elf.dir/User/Src/motor.c.obj

.debug_ranges   0x00000000      0xe60
 .debug_ranges  0x00000000       0x20 CMakeFiles/HAL_SoftWare.elf.dir/Core/Src/adc.c.obj
 .debug_ranges  0x00000020       0x10 CMakeFiles/HAL_SoftWare.elf.dir/Core/Src/dma.c.obj
 .debug_ranges  0x00000030       0x10 CMakeFiles/HAL_SoftWare.elf.dir/Core/Src/gpio.c.obj
 .debug_ranges  0x00000040       0x20 CMakeFiles/HAL_SoftWare.elf.dir/Core/Src/i2c.c.obj
 .debug_ranges  0x00000060       0x20 CMakeFiles/HAL_SoftWare.elf.dir/Core/Src/main.c.obj
 .debug_ranges  0x00000080       0x10 CMakeFiles/HAL_SoftWare.elf.dir/Core/Src/stm32f1xx_hal_msp.c.obj
 .debug_ranges  0x00000090       0x68 CMakeFiles/HAL_SoftWare.elf.dir/Core/Src/stm32f1xx_it.c.obj
 .debug_ranges  0x000000f8       0x18 CMakeFiles/HAL_SoftWare.elf.dir/Core/Src/system_stm32f1xx.c.obj
 .debug_ranges  0x00000110       0x58 CMakeFiles/HAL_SoftWare.elf.dir/Core/Src/tim.c.obj
 .debug_ranges  0x00000168       0x20 CMakeFiles/HAL_SoftWare.elf.dir/Core/Startup/startup_stm32f103c8tx.s.obj
 .debug_ranges  0x00000188       0xd0 CMakeFiles/HAL_SoftWare.elf.dir/Drivers/STM32F1xx_HAL_Driver/Src/stm32f1xx_hal.c.obj
 .debug_ranges  0x00000258       0xe0 CMakeFiles/HAL_SoftWare.elf.dir/Drivers/STM32F1xx_HAL_Driver/Src/stm32f1xx_hal_adc.c.obj
 .debug_ranges  0x00000338       0x70 CMakeFiles/HAL_SoftWare.elf.dir/Drivers/STM32F1xx_HAL_Driver/Src/stm32f1xx_hal_adc_ex.c.obj
 .debug_ranges  0x000003a8       0xe0 CMakeFiles/HAL_SoftWare.elf.dir/Drivers/STM32F1xx_HAL_Driver/Src/stm32f1xx_hal_cortex.c.obj
 .debug_ranges  0x00000488       0x70 CMakeFiles/HAL_SoftWare.elf.dir/Drivers/STM32F1xx_HAL_Driver/Src/stm32f1xx_hal_dma.c.obj
 .debug_ranges  0x000004f8       0x48 CMakeFiles/HAL_SoftWare.elf.dir/Drivers/STM32F1xx_HAL_Driver/Src/stm32f1xx_hal_gpio.c.obj
 .debug_ranges  0x00000540      0x2b0 CMakeFiles/HAL_SoftWare.elf.dir/Drivers/STM32F1xx_HAL_Driver/Src/stm32f1xx_hal_i2c.c.obj
 .debug_ranges  0x000007f0       0xa0 CMakeFiles/HAL_SoftWare.elf.dir/Drivers/STM32F1xx_HAL_Driver/Src/stm32f1xx_hal_rcc.c.obj
 .debug_ranges  0x00000890       0x38 CMakeFiles/HAL_SoftWare.elf.dir/Drivers/STM32F1xx_HAL_Driver/Src/stm32f1xx_hal_rcc_ex.c.obj
 .debug_ranges  0x000008c8      0x3c0 CMakeFiles/HAL_SoftWare.elf.dir/Drivers/STM32F1xx_HAL_Driver/Src/stm32f1xx_hal_tim.c.obj
 .debug_ranges  0x00000c88      0x158 CMakeFiles/HAL_SoftWare.elf.dir/Drivers/STM32F1xx_HAL_Driver/Src/stm32f1xx_hal_tim_ex.c.obj
 .debug_ranges  0x00000de0       0x10 CMakeFiles/HAL_SoftWare.elf.dir/User/Src/as5600.c.obj
 .debug_ranges  0x00000df0       0x10 CMakeFiles/HAL_SoftWare.elf.dir/User/Src/current.c.obj
 .debug_ranges  0x00000e00       0x28 CMakeFiles/HAL_SoftWare.elf.dir/User/Src/foc.c.obj
 .debug_ranges  0x00000e28       0x38 CMakeFiles/HAL_SoftWare.elf.dir/User/Src/motor.c.obj

.debug_line     0x00000000    0x1334b
 .debug_line    0x00000000      0x3f6 CMakeFiles/HAL_SoftWare.elf.dir/Core/Src/adc.c.obj
 .debug_line    0x000003f6      0x1dc CMakeFiles/HAL_SoftWare.elf.dir/Core/Src/dma.c.obj
 .debug_line    0x000005d2      0x237 CMakeFiles/HAL_SoftWare.elf.dir/Core/Src/gpio.c.obj
 .debug_line    0x00000809      0x33f CMakeFiles/HAL_SoftWare.elf.dir/Core/Src/i2c.c.obj
 .debug_line    0x00000b48      0x4bb CMakeFiles/HAL_SoftWare.elf.dir/Core/Src/main.c.obj
 .debug_line    0x00001003      0x190 CMakeFiles/HAL_SoftWare.elf.dir/Core/Src/stm32f1xx_hal_msp.c.obj
 .debug_line    0x00001193      0x3f9 CMakeFiles/HAL_SoftWare.elf.dir/Core/Src/stm32f1xx_it.c.obj
 .debug_line    0x0000158c      0x25a CMakeFiles/HAL_SoftWare.elf.dir/Core/Src/system_stm32f1xx.c.obj
 .debug_line    0x000017e6      0x56b CMakeFiles/HAL_SoftWare.elf.dir/Core/Src/tim.c.obj
 .debug_line    0x00001d51       0xac CMakeFiles/HAL_SoftWare.elf.dir/Core/Startup/startup_stm32f103c8tx.s.obj
 .debug_line    0x00001dfd      0x594 CMakeFiles/HAL_SoftWare.elf.dir/Drivers/STM32F1xx_HAL_Driver/Src/stm32f1xx_hal.c.obj
 .debug_line    0x00002391      0xf2a CMakeFiles/HAL_SoftWare.elf.dir/Drivers/STM32F1xx_HAL_Driver/Src/stm32f1xx_hal_adc.c.obj
 .debug_line    0x000032bb      0xc12 CMakeFiles/HAL_SoftWare.elf.dir/Drivers/STM32F1xx_HAL_Driver/Src/stm32f1xx_hal_adc_ex.c.obj
 .debug_line    0x00003ecd      0x676 CMakeFiles/HAL_SoftWare.elf.dir/Drivers/STM32F1xx_HAL_Driver/Src/stm32f1xx_hal_cortex.c.obj
 .debug_line    0x00004543      0xa97 CMakeFiles/HAL_SoftWare.elf.dir/Drivers/STM32F1xx_HAL_Driver/Src/stm32f1xx_hal_dma.c.obj
 .debug_line    0x00004fda      0x61e CMakeFiles/HAL_SoftWare.elf.dir/Drivers/STM32F1xx_HAL_Driver/Src/stm32f1xx_hal_gpio.c.obj
 .debug_line    0x000055f8     0x5656 CMakeFiles/HAL_SoftWare.elf.dir/Drivers/STM32F1xx_HAL_Driver/Src/stm32f1xx_hal_i2c.c.obj
 .debug_line    0x0000ac4e      0xc5b CMakeFiles/HAL_SoftWare.elf.dir/Drivers/STM32F1xx_HAL_Driver/Src/stm32f1xx_hal_rcc.c.obj
 .debug_line    0x0000b8a9      0x4d0 CMakeFiles/HAL_SoftWare.elf.dir/Drivers/STM32F1xx_HAL_Driver/Src/stm32f1xx_hal_rcc_ex.c.obj
 .debug_line    0x0000bd79     0x49b6 CMakeFiles/HAL_SoftWare.elf.dir/Drivers/STM32F1xx_HAL_Driver/Src/stm32f1xx_hal_tim.c.obj
 .debug_line    0x0001072f     0x1c2b CMakeFiles/HAL_SoftWare.elf.dir/Drivers/STM32F1xx_HAL_Driver/Src/stm32f1xx_hal_tim_ex.c.obj
 .debug_line    0x0001235a      0x2f6 CMakeFiles/HAL_SoftWare.elf.dir/User/Src/as5600.c.obj
 .debug_line    0x00012650      0x303 CMakeFiles/HAL_SoftWare.elf.dir/User/Src/current.c.obj
 .debug_line    0x00012953      0x687 CMakeFiles/HAL_SoftWare.elf.dir/User/Src/foc.c.obj
 .debug_line    0x00012fda      0x371 CMakeFiles/HAL_SoftWare.elf.dir/User/Src/motor.c.obj

.debug_str      0x00000000     0x48c4
 .debug_str     0x00000000      0x5c5 CMakeFiles/HAL_SoftWare.elf.dir/Core/Src/adc.c.obj
                                0x698 (size before relaxing)
 .debug_str     0x000005c5      0x341 CMakeFiles/HAL_SoftWare.elf.dir/Core/Src/dma.c.obj
                                0x533 (size before relaxing)
 .debug_str     0x00000906       0x74 CMakeFiles/HAL_SoftWare.elf.dir/Core/Src/gpio.c.obj
                                0x2d0 (size before relaxing)
 .debug_str     0x0000097a      0x301 CMakeFiles/HAL_SoftWare.elf.dir/Core/Src/i2c.c.obj
                                0x787 (size before relaxing)
 .debug_str     0x00000c7b      0x570 CMakeFiles/HAL_SoftWare.elf.dir/Core/Src/main.c.obj
                                0xb06 (size before relaxing)
 .debug_str     0x000011eb       0x80 CMakeFiles/HAL_SoftWare.elf.dir/Core/Src/stm32f1xx_hal_msp.c.obj
                                0x272 (size before relaxing)
 .debug_str     0x0000126b      0x1ee CMakeFiles/HAL_SoftWare.elf.dir/Core/Src/stm32f1xx_it.c.obj
                                0x895 (size before relaxing)
 .debug_str     0x00001459       0xa4 CMakeFiles/HAL_SoftWare.elf.dir/Core/Src/system_stm32f1xx.c.obj
                                0x2a7 (size before relaxing)
 .debug_str     0x000014fd      0x2b5 CMakeFiles/HAL_SoftWare.elf.dir/Core/Src/tim.c.obj
                                0xd4b (size before relaxing)
 .debug_str     0x000017b2       0x5c CMakeFiles/HAL_SoftWare.elf.dir/Core/Startup/startup_stm32f103c8tx.s.obj
                                 0xa3 (size before relaxing)
 .debug_str     0x0000180e      0x32a CMakeFiles/HAL_SoftWare.elf.dir/Drivers/STM32F1xx_HAL_Driver/Src/stm32f1xx_hal.c.obj
                                0x877 (size before relaxing)
 .debug_str     0x00001b38      0x365 CMakeFiles/HAL_SoftWare.elf.dir/Drivers/STM32F1xx_HAL_Driver/Src/stm32f1xx_hal_adc.c.obj
                                0x92d (size before relaxing)
 .debug_str     0x00001e9d      0x29b CMakeFiles/HAL_SoftWare.elf.dir/Drivers/STM32F1xx_HAL_Driver/Src/stm32f1xx_hal_adc_ex.c.obj
                                0x8df (size before relaxing)
 .debug_str     0x00002138      0x3c4 CMakeFiles/HAL_SoftWare.elf.dir/Drivers/STM32F1xx_HAL_Driver/Src/stm32f1xx_hal_cortex.c.obj
                                0x926 (size before relaxing)
 .debug_str     0x000024fc      0x217 CMakeFiles/HAL_SoftWare.elf.dir/Drivers/STM32F1xx_HAL_Driver/Src/stm32f1xx_hal_dma.c.obj
                                0x650 (size before relaxing)
 .debug_str     0x00002713      0x128 CMakeFiles/HAL_SoftWare.elf.dir/Drivers/STM32F1xx_HAL_Driver/Src/stm32f1xx_hal_gpio.c.obj
                                0x453 (size before relaxing)
 .debug_str     0x0000283b      0x8ef CMakeFiles/HAL_SoftWare.elf.dir/Drivers/STM32F1xx_HAL_Driver/Src/stm32f1xx_hal_i2c.c.obj
                               0x1018 (size before relaxing)
 .debug_str     0x0000312a      0x1eb CMakeFiles/HAL_SoftWare.elf.dir/Drivers/STM32F1xx_HAL_Driver/Src/stm32f1xx_hal_rcc.c.obj
                                0x67e (size before relaxing)
 .debug_str     0x00003315       0xaa CMakeFiles/HAL_SoftWare.elf.dir/Drivers/STM32F1xx_HAL_Driver/Src/stm32f1xx_hal_rcc_ex.c.obj
                                0x426 (size before relaxing)
 .debug_str     0x000033bf      0xd3e CMakeFiles/HAL_SoftWare.elf.dir/Drivers/STM32F1xx_HAL_Driver/Src/stm32f1xx_hal_tim.c.obj
                               0x1692 (size before relaxing)
 .debug_str     0x000040fd      0x54a CMakeFiles/HAL_SoftWare.elf.dir/Drivers/STM32F1xx_HAL_Driver/Src/stm32f1xx_hal_tim_ex.c.obj
                                0xe93 (size before relaxing)
 .debug_str     0x00004647       0xbf CMakeFiles/HAL_SoftWare.elf.dir/User/Src/as5600.c.obj
                                0x7ba (size before relaxing)
 .debug_str     0x00004706       0x54 CMakeFiles/HAL_SoftWare.elf.dir/User/Src/current.c.obj
                                0x615 (size before relaxing)
 .debug_str     0x0000475a       0xe2 CMakeFiles/HAL_SoftWare.elf.dir/User/Src/foc.c.obj
                                0x33e (size before relaxing)
 .debug_str     0x0000483c       0x88 CMakeFiles/HAL_SoftWare.elf.dir/User/Src/motor.c.obj
                                0x3c0 (size before relaxing)

.comment        0x00000000       0x49
 .comment       0x00000000       0x49 CMakeFiles/HAL_SoftWare.elf.dir/Core/Src/adc.c.obj
                                 0x4a (size before relaxing)
 .comment       0x00000049       0x4a CMakeFiles/HAL_SoftWare.elf.dir/Core/Src/dma.c.obj
 .comment       0x00000049       0x4a CMakeFiles/HAL_SoftWare.elf.dir/Core/Src/gpio.c.obj
 .comment       0x00000049       0x4a CMakeFiles/HAL_SoftWare.elf.dir/Core/Src/i2c.c.obj
 .comment       0x00000049       0x4a CMakeFiles/HAL_SoftWare.elf.dir/Core/Src/main.c.obj
 .comment       0x00000049       0x4a CMakeFiles/HAL_SoftWare.elf.dir/Core/Src/stm32f1xx_hal_msp.c.obj
 .comment       0x00000049       0x4a CMakeFiles/HAL_SoftWare.elf.dir/Core/Src/stm32f1xx_it.c.obj
 .comment       0x00000049       0x4a CMakeFiles/HAL_SoftWare.elf.dir/Core/Src/system_stm32f1xx.c.obj
 .comment       0x00000049       0x4a CMakeFiles/HAL_SoftWare.elf.dir/Core/Src/tim.c.obj
 .comment       0x00000049       0x4a CMakeFiles/HAL_SoftWare.elf.dir/Drivers/STM32F1xx_HAL_Driver/Src/stm32f1xx_hal.c.obj
 .comment       0x00000049       0x4a CMakeFiles/HAL_SoftWare.elf.dir/Drivers/STM32F1xx_HAL_Driver/Src/stm32f1xx_hal_adc.c.obj
 .comment       0x00000049       0x4a CMakeFiles/HAL_SoftWare.elf.dir/Drivers/STM32F1xx_HAL_Driver/Src/stm32f1xx_hal_adc_ex.c.obj
 .comment       0x00000049       0x4a CMakeFiles/HAL_SoftWare.elf.dir/Drivers/STM32F1xx_HAL_Driver/Src/stm32f1xx_hal_cortex.c.obj
 .comment       0x00000049       0x4a CMakeFiles/HAL_SoftWare.elf.dir/Drivers/STM32F1xx_HAL_Driver/Src/stm32f1xx_hal_dma.c.obj
 .comment       0x00000049       0x4a CMakeFiles/HAL_SoftWare.elf.dir/Drivers/STM32F1xx_HAL_Driver/Src/stm32f1xx_hal_gpio.c.obj
 .comment       0x00000049       0x4a CMakeFiles/HAL_SoftWare.elf.dir/Drivers/STM32F1xx_HAL_Driver/Src/stm32f1xx_hal_i2c.c.obj
 .comment       0x00000049       0x4a CMakeFiles/HAL_SoftWare.elf.dir/Drivers/STM32F1xx_HAL_Driver/Src/stm32f1xx_hal_rcc.c.obj
 .comment       0x00000049       0x4a CMakeFiles/HAL_SoftWare.elf.dir/Drivers/STM32F1xx_HAL_Driver/Src/stm32f1xx_hal_rcc_ex.c.obj
 .comment       0x00000049       0x4a CMakeFiles/HAL_SoftWare.elf.dir/Drivers/STM32F1xx_HAL_Driver/Src/stm32f1xx_hal_tim.c.obj
 .comment       0x00000049       0x4a CMakeFiles/HAL_SoftWare.elf.dir/Drivers/STM32F1xx_HAL_Driver/Src/stm32f1xx_hal_tim_ex.c.obj
 .comment       0x00000049       0x4a CMakeFiles/HAL_SoftWare.elf.dir/User/Src/as5600.c.obj
 .comment       0x00000049       0x4a CMakeFiles/HAL_SoftWare.elf.dir/User/Src/current.c.obj
 .comment       0x00000049       0x4a CMakeFiles/HAL_SoftWare.elf.dir/User/Src/foc.c.obj
 .comment       0x00000049       0x4a CMakeFiles/HAL_SoftWare.elf.dir/User/Src/motor.c.obj

.debug_frame    0x00000000     0x2de0
 .debug_frame   0x00000000       0x68 CMakeFiles/HAL_SoftWare.elf.dir/Core/Src/adc.c.obj
 .debug_frame   0x00000068       0x2c CMakeFiles/HAL_SoftWare.elf.dir/Core/Src/dma.c.obj
 .debug_frame   0x00000094       0x38 CMakeFiles/HAL_SoftWare.elf.dir/Core/Src/gpio.c.obj
 .debug_frame   0x000000cc       0x60 CMakeFiles/HAL_SoftWare.elf.dir/Core/Src/i2c.c.obj
 .debug_frame   0x0000012c       0x58 CMakeFiles/HAL_SoftWare.elf.dir/Core/Src/main.c.obj
 .debug_frame   0x00000184       0x28 CMakeFiles/HAL_SoftWare.elf.dir/Core/Src/stm32f1xx_hal_msp.c.obj
 .debug_frame   0x000001ac       0xf0 CMakeFiles/HAL_SoftWare.elf.dir/Core/Src/stm32f1xx_it.c.obj
 .debug_frame   0x0000029c       0x30 CMakeFiles/HAL_SoftWare.elf.dir/Core/Src/system_stm32f1xx.c.obj
 .debug_frame   0x000002cc      0x10c CMakeFiles/HAL_SoftWare.elf.dir/Core/Src/tim.c.obj
 .debug_frame   0x000003d8      0x1cc CMakeFiles/HAL_SoftWare.elf.dir/Drivers/STM32F1xx_HAL_Driver/Src/stm32f1xx_hal.c.obj
 .debug_frame   0x000005a4      0x2c8 CMakeFiles/HAL_SoftWare.elf.dir/Drivers/STM32F1xx_HAL_Driver/Src/stm32f1xx_hal_adc.c.obj
 .debug_frame   0x0000086c      0x19c CMakeFiles/HAL_SoftWare.elf.dir/Drivers/STM32F1xx_HAL_Driver/Src/stm32f1xx_hal_adc_ex.c.obj
 .debug_frame   0x00000a08      0x118 CMakeFiles/HAL_SoftWare.elf.dir/Drivers/STM32F1xx_HAL_Driver/Src/stm32f1xx_hal_cortex.c.obj
 .debug_frame   0x00000b20      0x144 CMakeFiles/HAL_SoftWare.elf.dir/Drivers/STM32F1xx_HAL_Driver/Src/stm32f1xx_hal_dma.c.obj
 .debug_frame   0x00000c64       0xe4 CMakeFiles/HAL_SoftWare.elf.dir/Drivers/STM32F1xx_HAL_Driver/Src/stm32f1xx_hal_gpio.c.obj
 .debug_frame   0x00000d48      0x984 CMakeFiles/HAL_SoftWare.elf.dir/Drivers/STM32F1xx_HAL_Driver/Src/stm32f1xx_hal_i2c.c.obj
 .debug_frame   0x000016cc      0x184 CMakeFiles/HAL_SoftWare.elf.dir/Drivers/STM32F1xx_HAL_Driver/Src/stm32f1xx_hal_rcc.c.obj
 .debug_frame   0x00001850       0x5c CMakeFiles/HAL_SoftWare.elf.dir/Drivers/STM32F1xx_HAL_Driver/Src/stm32f1xx_hal_rcc_ex.c.obj
 .debug_frame   0x000018ac      0xb18 CMakeFiles/HAL_SoftWare.elf.dir/Drivers/STM32F1xx_HAL_Driver/Src/stm32f1xx_hal_tim.c.obj
 .debug_frame   0x000023c4      0x40c CMakeFiles/HAL_SoftWare.elf.dir/Drivers/STM32F1xx_HAL_Driver/Src/stm32f1xx_hal_tim_ex.c.obj
 .debug_frame   0x000027d0       0x38 CMakeFiles/HAL_SoftWare.elf.dir/User/Src/as5600.c.obj
 .debug_frame   0x00002808       0x30 CMakeFiles/HAL_SoftWare.elf.dir/User/Src/current.c.obj
 .debug_frame   0x00002838       0xb4 CMakeFiles/HAL_SoftWare.elf.dir/User/Src/foc.c.obj
 .debug_frame   0x000028ec       0xa8 CMakeFiles/HAL_SoftWare.elf.dir/User/Src/motor.c.obj
 .debug_frame   0x00002994       0xac d:/gcc-arm-none-eabi-10.3-2021.10/bin/../lib/gcc/arm-none-eabi/10.3.1/thumb/v7-m/nofp\libgcc.a(_arm_addsubdf3.o)
 .debug_frame   0x00002a40       0x24 d:/gcc-arm-none-eabi-10.3-2021.10/bin/../lib/gcc/arm-none-eabi/10.3.1/thumb/v7-m/nofp\libgcc.a(_arm_truncdfsf2.o)
 .debug_frame   0x00002a64       0x4c d:/gcc-arm-none-eabi-10.3-2021.10/bin/../lib/gcc/arm-none-eabi/10.3.1/thumb/v7-m/nofp\libgcc.a(_arm_addsubsf3.o)
 .debug_frame   0x00002ab0       0x38 d:/gcc-arm-none-eabi-10.3-2021.10/bin/../lib/gcc/arm-none-eabi/10.3.1/thumb/v7-m/nofp\libgcc.a(_arm_muldivsf3.o)
 .debug_frame   0x00002ae8       0xc8 d:/gcc-arm-none-eabi-10.3-2021.10/bin/../lib/gcc/arm-none-eabi/10.3.1/thumb/v7-m/nofp\libgcc.a(_arm_cmpsf2.o)
 .debug_frame   0x00002bb0       0x24 d:/gcc-arm-none-eabi-10.3-2021.10/bin/../lib/gcc/arm-none-eabi/10.3.1/thumb/v7-m/nofp\libgcc.a(_arm_fixunssfsi.o)
 .debug_frame   0x00002bd4       0x20 d:/gcc-arm-none-eabi-10.3-2021.10/bin/../lib/gcc/arm-none-eabi/10.3.1/../../../../arm-none-eabi/lib/thumb/v7-m/nofp\libc.a(lib_a-errno.o)
 .debug_frame   0x00002bf4       0x2c d:/gcc-arm-none-eabi-10.3-2021.10/bin/../lib/gcc/arm-none-eabi/10.3.1/../../../../arm-none-eabi/lib/thumb/v7-m/nofp\libc.a(lib_a-init.o)
 .debug_frame   0x00002c20       0x2c d:/gcc-arm-none-eabi-10.3-2021.10/bin/../lib/gcc/arm-none-eabi/10.3.1/../../../../arm-none-eabi/lib/thumb/v7-m/nofp\libc.a(lib_a-memset.o)
 .debug_frame   0x00002c4c       0x5c d:/gcc-arm-none-eabi-10.3-2021.10/bin/../lib/gcc/arm-none-eabi/10.3.1/../../../../arm-none-eabi/lib/thumb/v7-m/nofp\libc.a(lib_a-__call_atexit.o)
 .debug_frame   0x00002ca8       0x20 d:/gcc-arm-none-eabi-10.3-2021.10/bin/../lib/gcc/arm-none-eabi/10.3.1/../../../../arm-none-eabi/lib/thumb/v7-m/nofp\libc.a(lib_a-atexit.o)
 .debug_frame   0x00002cc8       0x34 d:/gcc-arm-none-eabi-10.3-2021.10/bin/../lib/gcc/arm-none-eabi/10.3.1/../../../../arm-none-eabi/lib/thumb/v7-m/nofp\libc.a(lib_a-fini.o)
 .debug_frame   0x00002cfc       0xb0 d:/gcc-arm-none-eabi-10.3-2021.10/bin/../lib/gcc/arm-none-eabi/10.3.1/../../../../arm-none-eabi/lib/thumb/v7-m/nofp\libc.a(lib_a-lock.o)
 .debug_frame   0x00002dac       0x34 d:/gcc-arm-none-eabi-10.3-2021.10/bin/../lib/gcc/arm-none-eabi/10.3.1/../../../../arm-none-eabi/lib/thumb/v7-m/nofp\libc.a(lib_a-__atexit.o)
